drv_uart.c:25:6:uart2_Init	8	static
drv_uart.c:45:6:uart6_Init	8	static
drv_uart.c:66:6:uart_Write	16	static
drv_uart.c:78:5:put_char	16	static
drv_uart.c:88:5:putchar_stlink	16	static
drv_uart.c:94:5:putchar_zigbee	16	static
drv_uart.c:102:6:HAL_UART_RxCpltCallback	16	static
drv_uart.c:118:6:num2str	40	static
drv_uart.c:150:14:str2num	32	static
drv_uart.c:167:6:float2str	168	static
drv_uart.c:208:6:put_string	16	static
drv_uart.c:217:6:put_string_stlink	16	static
drv_uart.c:226:6:put_string_zigbee	16	static
drv_uart.c:238:6:term_printf	96	static
drv_uart.c:326:6:term_printf_stlink	96	static
drv_uart.c:411:6:term_printf_zigbee	96	static
