time_server.c:278:12:TimeServer_Init	24	static
time_server.c:326:12:TimeServer_Update_Current_Time_Value	40	static
time_server.c:466:12:TimeServer_Update_Local_Time_Information	32	static
time_server.c:501:12:TimeServer_Update_Reference_Time_Information	32	static
time_server.c:540:12:TimeServer_Update_Next_DST_Change	32	static
time_server.c:583:6:RefTime_Update_Timeout_Handler	24	static
time_server.c:620:6:Update_Reference_Time	32	static
time_server.c:666:13:TSProfile_Write_MainStateMachine	16	static
time_server.c:674:22:TSProfile_Read_MainStateMachine	4	static
time_server.c:679:13:TSProfile_Write_SubStateMachine	16	static
time_server.c:687:22:TSProfile_Read_SubStateMachine	4	static
time_server.c:699:13:TSProfile_Attribute_Modified_CB	32	static
time_server.c:796:12:TimeServer_Set_Discoverable	64	static
time_server.c:824:12:TimeServer_Add_Services_Characteristics	40	static
time_server.c:1084:6:TimeServer_Event_Handler	56	static
time_server.c:1262:12:TimeServer_StateMachine	16	static
time_server.c:1482:12:TimeServer_Make_Discoverable	24	static
time_server.c:1534:6:TimeServer_Advertise_Period_Timeout_Handler	16	static
time_server.c:1564:6:TimeServer_CT_Char_Notify_Delay_Timeout_Handler	8	static
time_server.c:1579:12:Allow_Curtime_Char_Read	16	static
time_server.c:1613:6:TimeServer_Exit	16	static
time_server.c:1626:6:TimeServer_Notify_Update	24	static
