Archive member included to satisfy reference by file (symbol)

/opt/st/stm32cubeide_1.15.0/plugins/com.st.stm32cube.ide.mcu.externaltools.gnu-tools-for-stm32.12.3.rel1.linux64_1.0.100.202403111256/tools/bin/../lib/gcc/arm-none-eabi/12.3.1/../../../../arm-none-eabi/lib/thumb/v7e-m+fp/hard/libc_nano.a(libc_a-exit.o)
                              /opt/st/stm32cubeide_1.15.0/plugins/com.st.stm32cube.ide.mcu.externaltools.gnu-tools-for-stm32.12.3.rel1.linux64_1.0.100.202403111256/tools/bin/../lib/gcc/arm-none-eabi/12.3.1/../../../../arm-none-eabi/lib/thumb/v7e-m+fp/hard/crt0.o (exit)
/opt/st/stm32cubeide_1.15.0/plugins/com.st.stm32cube.ide.mcu.externaltools.gnu-tools-for-stm32.12.3.rel1.linux64_1.0.100.202403111256/tools/bin/../lib/gcc/arm-none-eabi/12.3.1/../../../../arm-none-eabi/lib/thumb/v7e-m+fp/hard/libc_nano.a(libc_a-findfp.o)
                              /opt/st/stm32cubeide_1.15.0/plugins/com.st.stm32cube.ide.mcu.externaltools.gnu-tools-for-stm32.12.3.rel1.linux64_1.0.100.202403111256/tools/bin/../lib/gcc/arm-none-eabi/12.3.1/../../../../arm-none-eabi/lib/thumb/v7e-m+fp/hard/libc_nano.a(libc_a-exit.o) (__stdio_exit_handler)
/opt/st/stm32cubeide_1.15.0/plugins/com.st.stm32cube.ide.mcu.externaltools.gnu-tools-for-stm32.12.3.rel1.linux64_1.0.100.202403111256/tools/bin/../lib/gcc/arm-none-eabi/12.3.1/../../../../arm-none-eabi/lib/thumb/v7e-m+fp/hard/libc_nano.a(libc_a-fwalk.o)
                              /opt/st/stm32cubeide_1.15.0/plugins/com.st.stm32cube.ide.mcu.externaltools.gnu-tools-for-stm32.12.3.rel1.linux64_1.0.100.202403111256/tools/bin/../lib/gcc/arm-none-eabi/12.3.1/../../../../arm-none-eabi/lib/thumb/v7e-m+fp/hard/libc_nano.a(libc_a-findfp.o) (_fwalk_sglue)
/opt/st/stm32cubeide_1.15.0/plugins/com.st.stm32cube.ide.mcu.externaltools.gnu-tools-for-stm32.12.3.rel1.linux64_1.0.100.202403111256/tools/bin/../lib/gcc/arm-none-eabi/12.3.1/../../../../arm-none-eabi/lib/thumb/v7e-m+fp/hard/libc_nano.a(libc_a-stdio.o)
                              /opt/st/stm32cubeide_1.15.0/plugins/com.st.stm32cube.ide.mcu.externaltools.gnu-tools-for-stm32.12.3.rel1.linux64_1.0.100.202403111256/tools/bin/../lib/gcc/arm-none-eabi/12.3.1/../../../../arm-none-eabi/lib/thumb/v7e-m+fp/hard/libc_nano.a(libc_a-findfp.o) (__sread)
/opt/st/stm32cubeide_1.15.0/plugins/com.st.stm32cube.ide.mcu.externaltools.gnu-tools-for-stm32.12.3.rel1.linux64_1.0.100.202403111256/tools/bin/../lib/gcc/arm-none-eabi/12.3.1/../../../../arm-none-eabi/lib/thumb/v7e-m+fp/hard/libc_nano.a(libc_a-memset.o)
                              /opt/st/stm32cubeide_1.15.0/plugins/com.st.stm32cube.ide.mcu.externaltools.gnu-tools-for-stm32.12.3.rel1.linux64_1.0.100.202403111256/tools/bin/../lib/gcc/arm-none-eabi/12.3.1/../../../../arm-none-eabi/lib/thumb/v7e-m+fp/hard/crt0.o (memset)
/opt/st/stm32cubeide_1.15.0/plugins/com.st.stm32cube.ide.mcu.externaltools.gnu-tools-for-stm32.12.3.rel1.linux64_1.0.100.202403111256/tools/bin/../lib/gcc/arm-none-eabi/12.3.1/../../../../arm-none-eabi/lib/thumb/v7e-m+fp/hard/libc_nano.a(libc_a-closer.o)
                              /opt/st/stm32cubeide_1.15.0/plugins/com.st.stm32cube.ide.mcu.externaltools.gnu-tools-for-stm32.12.3.rel1.linux64_1.0.100.202403111256/tools/bin/../lib/gcc/arm-none-eabi/12.3.1/../../../../arm-none-eabi/lib/thumb/v7e-m+fp/hard/libc_nano.a(libc_a-stdio.o) (_close_r)
/opt/st/stm32cubeide_1.15.0/plugins/com.st.stm32cube.ide.mcu.externaltools.gnu-tools-for-stm32.12.3.rel1.linux64_1.0.100.202403111256/tools/bin/../lib/gcc/arm-none-eabi/12.3.1/../../../../arm-none-eabi/lib/thumb/v7e-m+fp/hard/libc_nano.a(libc_a-reent.o)
                              /opt/st/stm32cubeide_1.15.0/plugins/com.st.stm32cube.ide.mcu.externaltools.gnu-tools-for-stm32.12.3.rel1.linux64_1.0.100.202403111256/tools/bin/../lib/gcc/arm-none-eabi/12.3.1/../../../../arm-none-eabi/lib/thumb/v7e-m+fp/hard/libc_nano.a(libc_a-closer.o) (errno)
/opt/st/stm32cubeide_1.15.0/plugins/com.st.stm32cube.ide.mcu.externaltools.gnu-tools-for-stm32.12.3.rel1.linux64_1.0.100.202403111256/tools/bin/../lib/gcc/arm-none-eabi/12.3.1/../../../../arm-none-eabi/lib/thumb/v7e-m+fp/hard/libc_nano.a(libc_a-impure.o)
                              /opt/st/stm32cubeide_1.15.0/plugins/com.st.stm32cube.ide.mcu.externaltools.gnu-tools-for-stm32.12.3.rel1.linux64_1.0.100.202403111256/tools/bin/../lib/gcc/arm-none-eabi/12.3.1/../../../../arm-none-eabi/lib/thumb/v7e-m+fp/hard/libc_nano.a(libc_a-reent.o) (_impure_ptr)
/opt/st/stm32cubeide_1.15.0/plugins/com.st.stm32cube.ide.mcu.externaltools.gnu-tools-for-stm32.12.3.rel1.linux64_1.0.100.202403111256/tools/bin/../lib/gcc/arm-none-eabi/12.3.1/../../../../arm-none-eabi/lib/thumb/v7e-m+fp/hard/libc_nano.a(libc_a-lseekr.o)
                              /opt/st/stm32cubeide_1.15.0/plugins/com.st.stm32cube.ide.mcu.externaltools.gnu-tools-for-stm32.12.3.rel1.linux64_1.0.100.202403111256/tools/bin/../lib/gcc/arm-none-eabi/12.3.1/../../../../arm-none-eabi/lib/thumb/v7e-m+fp/hard/libc_nano.a(libc_a-stdio.o) (_lseek_r)
[...]
Memory Configuration

Name             Origin             Length             Attributes
FLASH            0x08000000         0x00080000         xr
RAM              0x20000000         0x00020000         xrw
*default*        0x00000000         0xffffffff

Linker script and memory map

LOAD /opt/st/stm32cubeide_1.15.0/plugins/com.st.stm32cube.ide.mcu.externaltools.gnu-tools-for-stm32.12.3.rel1.linux64_1.0.100.202403111256/tools/bin/../lib/gcc/arm-none-eabi/12.3.1/thumb/v7e-m+fp/hard/crti.o
LOAD /opt/st/stm32cubeide_1.15.0/plugins/com.st.stm32cube.ide.mcu.externaltools.gnu-tools-for-stm32.12.3.rel1.linux64_1.0.100.202403111256/tools/bin/../lib/gcc/arm-none-eabi/12.3.1/thumb/v7e-m+fp/hard/crtbegin.o
LOAD /opt/st/stm32cubeide_1.15.0/plugins/com.st.stm32cube.ide.mcu.externaltools.gnu-tools-for-stm32.12.3.rel1.linux64_1.0.100.202403111256/tools/bin/../lib/gcc/arm-none-eabi/12.3.1/../../../../arm-none-eabi/lib/thumb/v7e-m+fp/hard/crt0.o
LOAD /opt/st/stm32cubeide_1.15.0/plugins/com.st.stm32cube.ide.mcu.externaltools.gnu-tools-for-stm32.12.3.rel1.linux64_1.0.100.202403111256/tools/bin/../lib/gcc/arm-none-eabi/12.3.1/../../../../arm-none-eabi/lib/thumb/v7e-m+fp/hard/libc_nano.a
LOAD /opt/st/stm32cubeide_1.15.0/plugins/com.st.stm32cube.ide.mcu.externaltools.gnu-tools-for-stm32.12.3.rel1.linux64_1.0.100.202403111256/tools/bin/../lib/gcc/arm-none-eabi/12.3.1/thumb/v7e-m+fp/hard/libgcc.a
LOAD /opt/st/stm32cubeide_1.15.0/plugins/com.st.stm32cube.ide.mcu.externaltools.gnu-tools-for-stm32.12.3.rel1.linux64_1.0.100.202403111256/tools/bin/../lib/gcc/arm-none-eabi/12.3.1/thumb/v7e-m+fp/hard/libgcov.a
LOAD /opt/st/stm32cubeide_1.15.0/plugins/com.st.stm32cube.ide.mcu.externaltools.gnu-tools-for-stm32.12.3.rel1.linux64_1.0.100.202403111256/tools/bin/../lib/gcc/arm-none-eabi/12.3.1/../../../../arm-none-eabi/lib/thumb/v7e-m+fp/hard/libm.a
LOAD /tmp/ccHv75Ir.o
LOAD /tmp/ccpSTkEI.o
LOAD /tmp/ccjdaOMT.o
LOAD /tmp/ccYRTxlO.o
LOAD /tmp/cckk9K7O.o
LOAD /tmp/cchJfMMK.o
LOAD /tmp/ccPNQFTE.o
LOAD /tmp/ccnk0Anq.o
LOAD /tmp/cc3Dz9bi.o
LOAD /tmp/cctXPeHy.o
LOAD /tmp/ccTx5OT8.o
LOAD /tmp/cc9qa9C6.o
LOAD /tmp/ccbfANYr.o
LOAD /tmp/ccVBlFnh.o
LOAD /tmp/cc2lRZ5C.o
LOAD /tmp/ccVXrz75.o
LOAD /tmp/ccnK3uas.o
LOAD /tmp/ccGA0aq9.o
LOAD /tmp/cczXcReR.o
LOAD /tmp/cc1N2LhL.o
LOAD /tmp/ccoFFYDH.o
LOAD /tmp/ccrXEwW9.o
LOAD /tmp/ccXk0h3x.o
LOAD /tmp/ccSlPyru.o
LOAD /tmp/cc4W2jHY.o
LOAD /tmp/ccjegE1p.o
LOAD /tmp/ccLOThb5.o
LOAD /tmp/ccyYiCd8.o
LOAD /tmp/ccqUw2se.o
LOAD /tmp/ccaKs7BO.o
LOAD /tmp/ccmRkPZQ.o
LOAD /tmp/cclH8XSF.o
LOAD /tmp/cclHqsHB.o
LOAD /tmp/cckJVdKm.o
LOAD /tmp/ccFn6jcz.o
LOAD /tmp/ccNp1G9V.o
LOAD /tmp/cc73S2px.o
LOAD /tmp/ccqgJ70I.o
LOAD /tmp/ccwSKXvH.o
LOAD /tmp/ccieICWv.o
LOAD /tmp/ccKdCVpR.o
START GROUP
LOAD /opt/st/stm32cubeide_1.15.0/plugins/com.st.stm32cube.ide.mcu.externaltools.gnu-tools-for-stm32.12.3.rel1.linux64_1.0.100.202403111256/tools/bin/../lib/gcc/arm-none-eabi/12.3.1/thumb/v7e-m+fp/hard/libgcc.a
LOAD /opt/st/stm32cubeide_1.15.0/plugins/com.st.stm32cube.ide.mcu.externaltools.gnu-tools-for-stm32.12.3.rel1.linux64_1.0.100.202403111256/tools/bin/../lib/gcc/arm-none-eabi/12.3.1/../../../../arm-none-eabi/lib/thumb/v7e-m+fp/hard/libg_nano.a
LOAD /opt/st/stm32cubeide_1.15.0/plugins/com.st.stm32cube.ide.mcu.externaltools.gnu-tools-for-stm32.12.3.rel1.linux64_1.0.100.202403111256/tools/bin/../lib/gcc/arm-none-eabi/12.3.1/../../../../arm-none-eabi/lib/thumb/v7e-m+fp/hard/libc_nano.a
END GROUP
START GROUP
LOAD /opt/st/stm32cubeide_1.15.0/plugins/com.st.stm32cube.ide.mcu.externaltools.gnu-tools-for-stm32.12.3.rel1.linux64_1.0.100.202403111256/tools/bin/../lib/gcc/arm-none-eabi/12.3.1/thumb/v7e-m+fp/hard/libgcc.a
LOAD /opt/st/stm32cubeide_1.15.0/plugins/com.st.stm32cube.ide.mcu.externaltools.gnu-tools-for-stm32.12.3.rel1.linux64_1.0.100.202403111256/tools/bin/../lib/gcc/arm-none-eabi/12.3.1/../../../../arm-none-eabi/lib/thumb/v7e-m+fp/hard/libc_nano.a
END GROUP
LOAD /opt/st/stm32cubeide_1.15.0/plugins/com.st.stm32cube.ide.mcu.externaltools.gnu-tools-for-stm32.12.3.rel1.linux64_1.0.100.202403111256/tools/bin/../lib/gcc/arm-none-eabi/12.3.1/thumb/v7e-m+fp/hard/crtend.o
LOAD /opt/st/stm32cubeide_1.15.0/plugins/com.st.stm32cube.ide.mcu.externaltools.gnu-tools-for-stm32.12.3.rel1.linux64_1.0.100.202403111256/tools/bin/../lib/gcc/arm-none-eabi/12.3.1/thumb/v7e-m+fp/hard/crtn.o
                0x2001ffff                        _estack = 0x2001ffff
                0x00000200                        _Min_Heap_Size = 0x200
                0x00000200                        _Min_Stack_Size = 0x200

.isr_vector     0x08000000      0x198
                0x08000000                        . = ALIGN (0x4)
 *(.isr_vector)
 .isr_vector    0x08000000      0x198 /tmp/ccNp1G9V.o
                0x08000000                g_pfnVectors
                0x08000198                        . = ALIGN (0x4)

.text           0x080001a0    0x16884
                0x080001a0                        . = ALIGN (0x4)
 *(.text)
 .text          0x080001a0       0x40 /opt/st/stm32cubeide_1.15.0/plugins/com.st.stm32cube.ide.mcu.externaltools.gnu-tools-for-stm32.12.3.rel1.linux64_1.0.100.202403111256/tools/bin/../lib/gcc/arm-none-eabi/12.3.1/thumb/v7e-m+fp/hard/crtbegin.o
 .text          0x080001e0      0x332 /tmp/ccHv75Ir.o
                0x080001e0                list_init_head
                0x08000200                list_is_empty
                0x08000244                list_insert_head
                0x08000290                list_insert_tail
                0x080002dc                list_remove_node
                0x0800031e                list_remove_head
                0x0800036c                list_remove_tail
                0x080003ba                list_insert_node_after
                0x08000406                list_insert_node_before
                0x08000452                list_get_size
                0x080004a2                list_get_next_node
                0x080004da                list_get_prev_node
 .text          0x08000512      0xe58 /tmp/ccpSTkEI.o
                0x08000512                hci_reset
                0x08000556                hci_disconnect
                0x080005bc                hci_le_read_local_version
                0x08000650                hci_le_read_buffer_size
                0x080006ca                hci_le_set_advertising_parameters
                0x08000776                hci_le_set_advertising_data
                0x080007f8                hci_le_set_advertise_enable
                0x08000868                hci_le_set_scan_parameters
                0x080008f8                hci_le_set_scan_enable
                0x08000972                hci_le_rand
                0x080009ea                hci_le_set_scan_resp_data
                0x08000a6c                hci_le_read_advertising_channel_tx_power
                0x08000adc                hci_le_set_random_address
                0x08000b4a                hci_read_bd_addr
                0x08000bc2                hci_le_create_connection
                0x08000c90                hci_le_create_connection_cancel
                0x08000cd4                hci_le_encrypt
                0x08000d7e                hci_le_ltk_request_reply
                0x08000df8                hci_le_ltk_request_neg_reply
                0x08000e54                hci_le_read_white_list_size
                0x08000eba                hci_le_clear_white_list
                0x08000efe                hci_le_add_device_to_white_list
                0x08000f66                hci_le_remove_device_from_white_list
                0x08000fce                hci_read_transmit_power_level
                0x0800105a                hci_read_rssi
                0x080010de                hci_le_read_local_supported_features
                0x0800114e                hci_le_read_channel_map
                0x080011d0                hci_le_read_supported_states
                0x08001240                hci_le_receiver_test
                0x08001298                hci_le_transmitter_test
                0x08001300                hci_le_test_end
 *fill*         0x0800136a        0x2 
 .text          0x0800136c      0x51c /tmp/ccjdaOMT.o
                0x080014a0                hci_init
                0x08001524                hci_register_io_bus
                0x08001564                hci_send_req
                0x08001794                hci_user_evt_proc
                0x080017ec                hci_notify_asynch_evt
 .text          0x08001888     0x19e4 /tmp/ccYRTxlO.o
                0x08001888                aci_gap_init_IDB05A1
                0x08001928                aci_gap_init_IDB04A1
                0x080019bc                aci_gap_set_non_discoverable
                0x08001a00                aci_gap_set_limited_discoverable
                0x08001bbc                aci_gap_set_discoverable
                0x08001d90                aci_gap_set_direct_connectable_IDB05A1
                0x08001e18                aci_gap_set_direct_connectable_IDB04A1
                0x08001e88                aci_gap_set_io_capability
                0x08001ee0                aci_gap_set_auth_requirement
                0x08001f88                aci_gap_set_author_requirement
                0x08001fea                aci_gap_pass_key_response
                0x0800204e                aci_gap_authorization_response
                0x080020b0                aci_gap_set_non_connectable_IDB05A1
                0x08002112                aci_gap_set_non_connectable_IDB04A1
                0x0800216a                aci_gap_set_undirected_connectable
                0x080021cc                aci_gap_slave_security_request
                0x08002238                aci_gap_update_adv_data
                0x080022da                aci_gap_delete_ad_type
                0x08002332                aci_gap_get_security_level
                0x080023b0                aci_gap_configure_whitelist
                0x080023f4                aci_gap_terminate
                0x0800245a                aci_gap_clear_security_database
                0x0800249e                aci_gap_allow_rebond_IDB05A1
                0x080024f6                aci_gap_allow_rebond_IDB04A1
                0x0800253a                aci_gap_start_limited_discovery_proc
                0x080025b6                aci_gap_start_general_discovery_proc
                0x08002632                aci_gap_start_name_discovery_proc
                0x080026da                aci_gap_start_auto_conn_establish_proc_IDB05A1
                0x080028d4                aci_gap_start_auto_conn_establish_proc_IDB04A1
                0x08002b08                aci_gap_start_general_conn_establish_proc_IDB05A1
                0x08002b8e                aci_gap_start_general_conn_establish_proc_IDB04A1
                0x08002c28                aci_gap_start_selective_conn_establish_proc
                0x08002cfa                aci_gap_create_connection
                0x08002da2                aci_gap_terminate_gap_procedure
                0x08002df4                aci_gap_start_connection_update
                0x08002e82                aci_gap_send_pairing_request
                0x08002ee8                aci_gap_resolve_private_address_IDB05A1
                0x08002f64                aci_gap_resolve_private_address_IDB04A1
                0x08002fc4                aci_gap_set_broadcast_mode
                0x080030f4                aci_gap_start_observation_procedure
                0x08003176                aci_gap_is_device_bonded
                0x080031de                aci_gap_get_bonded_devices
 .text          0x0800326c     0x1d72 /tmp/cckk9K7O.o
                0x0800326c                aci_gatt_init
                0x080032b2                aci_gatt_add_serv
                0x080033c4                aci_gatt_include_service
                0x080034f6                aci_gatt_add_char
                0x0800368c                aci_gatt_add_char_desc
                0x0800389e                aci_gatt_update_char_value
                0x080039be                aci_gatt_del_char
                0x08003a22                aci_gatt_del_service
                0x08003a7c                aci_gatt_del_include_service
                0x08003ae0                aci_gatt_set_event_mask
                0x08003b38                aci_gatt_exchange_configuration
                0x08003b96                aci_att_find_information_req
                0x08003c00                aci_att_find_by_type_value_req
                0x08003c9e                aci_att_read_by_type_req
                0x08003d44                aci_att_read_by_group_type_req
                0x08003dea                aci_att_prepare_write_req
                0x08003e82                aci_att_execute_write_req
                0x08003ee6                aci_gatt_disc_all_prim_services
                0x08003f44                aci_gatt_disc_prim_service_by_uuid
                0x08003fd6                aci_gatt_find_included_services
                0x08004044                aci_gatt_disc_all_charac_of_serv
                0x080040b2                aci_gatt_disc_charac_by_uuid
                0x080041ce                aci_gatt_disc_all_charac_descriptors
                0x0800423c                aci_gatt_read_charac_val
                0x080042a4                aci_gatt_read_using_charac_uuid
                0x0800434a                aci_gatt_read_long_charac_val
                0x080043b8                aci_gatt_read_multiple_charac_val
                0x08004454                aci_gatt_write_charac_value
                0x0800454a                aci_gatt_write_long_charac_val
                0x080045f6                aci_gatt_write_charac_reliable
                0x080046a2                aci_gatt_write_long_charac_desc
                0x0800474e                aci_gatt_read_long_charac_desc
                0x080047bc                aci_gatt_write_charac_descriptor
                0x080048b2                aci_gatt_read_charac_desc
                0x0800491a                aci_gatt_write_without_response
                0x080049a4                aci_gatt_signed_write_without_resp
                0x08004a2c                aci_gatt_confirm_indication
                0x08004a86                aci_gatt_write_response
                0x08004bc6                aci_gatt_allow_read
                0x08004c20                aci_gatt_set_security_permission
                0x08004c8a                aci_gatt_set_desc_value
                0x08004dc2                aci_gatt_read_handle_value
                0x08004e6e                aci_gatt_read_handle_value_offset_IDB05A1
                0x08004f22                aci_gatt_update_char_value_ext_IDB05A1
 .text          0x08004fde      0x460 /tmp/cchJfMMK.o
                0x08004fde                aci_hal_get_fw_build_number
                0x0800503a                aci_hal_write_config_data
                0x08005104                aci_hal_read_config_data
                0x080051ae                aci_hal_set_tx_power_level
                0x08005210                aci_hal_le_tx_test_packet_number
                0x0800526a                aci_hal_device_standby
                0x080052ae                aci_hal_tone_start
                0x08005306                aci_hal_tone_stop
                0x0800534a                aci_hal_get_link_status
                0x080053da                aci_hal_get_anchor_period
 .text          0x0800543e       0x88 /tmp/cc3Dz9bi.o
                0x0800543e                getBlueNRGVersion
 *fill*         0x080054c6        0x2 
 .text          0x080054c8      0x3d0 /tmp/cctXPeHy.o
                0x080054c8                HAL_Init
                0x0800550c                HAL_DeInit
                0x08005572                HAL_MspDeInit
                0x08005580                HAL_InitTick
                0x080055e0                HAL_IncTick
                0x08005608                HAL_GetTick
                0x08005620                HAL_GetTickPrio
                0x08005638                HAL_SetTickFreq
                0x08005678                HAL_GetTickFreq
                0x08005690                HAL_Delay
                0x080056d8                HAL_SuspendTick
                0x080056f8                HAL_ResumeTick
                0x08005718                HAL_GetHalVersion
                0x0800572c                HAL_GetREVID
                0x08005744                HAL_GetDEVID
                0x08005760                HAL_DBGMCU_EnableDBGSleepMode
                0x08005780                HAL_DBGMCU_DisableDBGSleepMode
                0x080057a0                HAL_DBGMCU_EnableDBGStopMode
                0x080057c0                HAL_DBGMCU_DisableDBGStopMode
                0x080057e0                HAL_DBGMCU_EnableDBGStandbyMode
                0x08005800                HAL_DBGMCU_DisableDBGStandbyMode
                0x08005820                HAL_EnableCompensationCell
                0x08005838                HAL_DisableCompensationCell
                0x08005850                HAL_GetUIDw0
                0x08005868                HAL_GetUIDw1
                0x08005880                HAL_GetUIDw2
 .text          0x08005898      0x634 /tmp/ccTx5OT8.o
                0x08005c28                HAL_NVIC_SetPriorityGrouping
                0x08005c3e                HAL_NVIC_SetPriority
                0x08005c76                HAL_NVIC_EnableIRQ
                0x08005c92                HAL_NVIC_DisableIRQ
                0x08005cae                HAL_NVIC_SystemReset
                0x08005cba                HAL_SYSTICK_Config
                0x08005cd2                HAL_MPU_Disable
                0x08005d00                HAL_MPU_Enable
                0x08005d40                HAL_MPU_ConfigRegion
                0x08005dc8                HAL_NVIC_GetPriorityGrouping
                0x08005dd6                HAL_NVIC_GetPriority
                0x08005e02                HAL_NVIC_SetPendingIRQ
                0x08005e1e                HAL_NVIC_GetPendingIRQ
                0x08005e3c                HAL_NVIC_ClearPendingIRQ
                0x08005e58                HAL_NVIC_GetActive
                0x08005e76                HAL_SYSTICK_CLKSourceConfig
                0x08005eb0                HAL_SYSTICK_IRQHandler
                0x08005ebc                HAL_SYSTICK_Callback
 .text          0x08005ecc      0xcac /tmp/cc9qa9C6.o
                0x08005ecc                HAL_DMA_Init
                0x08006028                HAL_DMA_DeInit
                0x080060e4                HAL_DMA_Start
                0x0800615a                HAL_DMA_Start_IT
                0x0800621a                HAL_DMA_Abort
                0x080062fa                HAL_DMA_Abort_IT
                0x0800633e                HAL_DMA_PollForTransfer
                0x080064fc                HAL_DMA_IRQHandler
                0x08006810                HAL_DMA_RegisterCallback
                0x080068b6                HAL_DMA_UnRegisterCallback
                0x08006986                HAL_DMA_GetState
                0x080069a2                HAL_DMA_GetError
 .text          0x08006b78      0x314 /tmp/ccVBlFnh.o
                0x08006b78                HAL_EXTI_SetConfigLine
                0x08006c4c                HAL_EXTI_GetConfigLine
                0x08006d10                HAL_EXTI_ClearConfigLine
                0x08006d74                HAL_EXTI_RegisterCallback
                0x08006da8                HAL_EXTI_GetHandle
                0x08006dd0                HAL_EXTI_IRQHandler
                0x08006e04                HAL_EXTI_GetPending
                0x08006e48                HAL_EXTI_ClearPending
                0x08006e6c                HAL_EXTI_GenerateSWI
 .text          0x08006e8c      0x600 /tmp/ccGA0aq9.o
                0x08006e8c                HAL_GPIO_Init
                0x08007194                HAL_GPIO_DeInit
                0x0800735c                HAL_GPIO_ReadPin
                0x0800738c                HAL_GPIO_WritePin
                0x080073be                HAL_GPIO_TogglePin
                0x080073f4                HAL_GPIO_LockPin
                0x08007444                HAL_GPIO_EXTI_IRQHandler
                0x08007474                HAL_GPIO_EXTI_Callback
 .text          0x0800748c      0xb88 /tmp/ccoFFYDH.o
                0x0800749c                HAL_RCC_OscConfig
                0x08007918                HAL_RCC_ClockConfig
                0x08007adc                HAL_RCC_MCOConfig
                0x08007bac                HAL_RCC_EnableCSS
                0x08007bc4                HAL_RCC_DisableCSS
                0x08007bdc                HAL_RCC_GetSysClockFreq
                0x08007de8                HAL_RCC_GetHCLKFreq
                0x08007e00                HAL_RCC_GetPCLK1Freq
                0x08007e28                HAL_RCC_GetPCLK2Freq
                0x08007e50                HAL_RCC_GetOscConfig
                0x08007f78                HAL_RCC_GetClockConfig
                0x08007fdc                HAL_RCC_NMI_IRQHandler
                0x08008004                HAL_RCC_CSSCallback
 .text          0x08008014     0x247c /tmp/ccXk0h3x.o
                0x08008014                HAL_SPI_Init
                0x080080dc                HAL_SPI_DeInit
                0x0800812c                HAL_SPI_MspInit
                0x08008140                HAL_SPI_MspDeInit
                0x08008154                HAL_SPI_Transmit
                0x080083bc                HAL_SPI_Receive
                0x080085ce                HAL_SPI_TransmitReceive
                0x08008912                HAL_SPI_Transmit_IT
                0x08008a18                HAL_SPI_Receive_IT
                0x08008b44                HAL_SPI_TransmitReceive_IT
                0x08008c6c                HAL_SPI_Transmit_DMA
                0x08008dc8                HAL_SPI_Receive_DMA
                0x08008f48                HAL_SPI_TransmitReceive_DMA
                0x0800914c                HAL_SPI_Abort
                0x08009324                HAL_SPI_Abort_IT
                0x08009518                HAL_SPI_DMAPause
                0x0800955c                HAL_SPI_DMAResume
                0x080095a0                HAL_SPI_DMAStop
                0x0800961e                HAL_SPI_IRQHandler
                0x08009808                HAL_SPI_TxCpltCallback
                0x0800981c                HAL_SPI_RxCpltCallback
                0x08009830                HAL_SPI_TxRxCpltCallback
                0x08009844                HAL_SPI_TxHalfCpltCallback
                0x08009858                HAL_SPI_RxHalfCpltCallback
                0x0800986c                HAL_SPI_TxRxHalfCpltCallback
                0x08009880                HAL_SPI_ErrorCallback
                0x08009894                HAL_SPI_AbortCpltCallback
                0x080098a8                HAL_SPI_GetState
                0x080098c4                HAL_SPI_GetError
 .text          0x0800a490     0x1e30 /tmp/ccjegE1p.o
                0x0800a490                HAL_UART_Init
                0x0800a52a                HAL_HalfDuplex_Init
                0x0800a5d4                HAL_LIN_Init
                0x0800a6a0                HAL_MultiProcessor_Init
                0x0800a780                HAL_UART_DeInit
                0x0800a7d8                HAL_UART_MspInit
                0x0800a7ec                HAL_UART_MspDeInit
                0x0800a800                HAL_UART_Transmit
                0x0800a932                HAL_UART_Receive
                0x0800aa7e                HAL_UART_Transmit_IT
                0x0800ab08                HAL_UART_Receive_IT
                0x0800abb2                HAL_UART_Transmit_DMA
                0x0800ac8c                HAL_UART_Receive_DMA
                0x0800ad8c                HAL_UART_DMAPause
                0x0800ae54                HAL_UART_DMAResume
                0x0800aef6                HAL_UART_DMAStop
                0x0800afac                HAL_UART_Abort
                0x0800b0b0                HAL_UART_AbortTransmit
                0x0800b138                HAL_UART_AbortReceive
                0x0800b1d0                HAL_UART_Abort_IT
                0x0800b318                HAL_UART_AbortTransmit_IT
                0x0800b3b8                HAL_UART_AbortReceive_IT
                0x0800b468                HAL_UART_IRQHandler
                0x0800b65c                HAL_UART_TxCpltCallback
                0x0800b670                HAL_UART_TxHalfCpltCallback
                0x0800b698                HAL_UART_RxHalfCpltCallback
                0x0800b6ac                HAL_UART_ErrorCallback
                0x0800b6c0                HAL_UART_AbortCpltCallback
                0x0800b6d4                HAL_UART_AbortTransmitCpltCallback
                0x0800b6e8                HAL_UART_AbortReceiveCpltCallback
                0x0800b6fc                HAL_LIN_SendBreak
                0x0800b750                HAL_MultiProcessor_EnterMuteMode
                0x0800b7a4                HAL_MultiProcessor_ExitMuteMode
                0x0800b7f8                HAL_HalfDuplex_EnableTransmitter
                0x0800b860                HAL_HalfDuplex_EnableReceiver
                0x0800b8c8                HAL_UART_GetState
                0x0800b904                HAL_UART_GetError
 .text          0x0800c2c0     0x5cd8 /tmp/ccLOThb5.o
                0x0800c2c0                HAL_I2C_Init
                0x0800c528                HAL_I2C_DeInit
                0x0800c586                HAL_I2C_MspInit
                0x0800c59a                HAL_I2C_MspDeInit
                0x0800c5ae                HAL_I2C_Master_Transmit
                0x0800c7a8                HAL_I2C_Master_Receive
                0x0800cbf4                HAL_I2C_Slave_Transmit
                0x0800ce20                HAL_I2C_Slave_Receive
                0x0800d034                HAL_I2C_Master_Transmit_IT
                0x0800d180                HAL_I2C_Master_Receive_IT
                0x0800d2dc                HAL_I2C_Slave_Transmit_IT
                0x0800d3bc                HAL_I2C_Slave_Receive_IT
                0x0800d49c                HAL_I2C_Master_Transmit_DMA
                0x0800d6c8                HAL_I2C_Master_Receive_DMA
                0x0800d8f4                HAL_I2C_Slave_Transmit_DMA
                0x0800da64                HAL_I2C_Slave_Receive_DMA
                0x0800dbd4                HAL_I2C_Mem_Write
                0x0800ddc8                HAL_I2C_Mem_Read
                0x0800e214                HAL_I2C_Mem_Write_IT
                0x0800e378                HAL_I2C_Mem_Read_IT
                0x0800e4f4                HAL_I2C_Mem_Write_DMA
                0x0800e72c                HAL_I2C_Mem_Read_DMA
                0x0800e9c4                HAL_I2C_IsDeviceReady
                0x0800ec08                HAL_I2C_Master_Seq_Transmit_IT
                0x0800ed84                HAL_I2C_Master_Seq_Transmit_DMA
                0x0800f004                HAL_I2C_Master_Seq_Receive_IT
                0x0800f1e0                HAL_I2C_Master_Seq_Receive_DMA
                0x0800f4ee                HAL_I2C_Slave_Seq_Transmit_IT
                0x0800f5d4                HAL_I2C_Slave_Seq_Transmit_DMA
                0x0800f818                HAL_I2C_Slave_Seq_Receive_IT
                0x0800f8fe                HAL_I2C_Slave_Seq_Receive_DMA
                0x0800fb40                HAL_I2C_EnableListen_IT
                0x0800fbac                HAL_I2C_DisableListen_IT
                0x0800fc22                HAL_I2C_Master_Abort_IT
                0x0800fcb0                HAL_I2C_EV_IRQHandler
                0x0800ff40                HAL_I2C_ER_IRQHandler
                0x0801007a                HAL_I2C_MasterTxCpltCallback
                0x0801008e                HAL_I2C_MasterRxCpltCallback
                0x080100a2                HAL_I2C_SlaveTxCpltCallback
                0x080100b6                HAL_I2C_SlaveRxCpltCallback
                0x080100ca                HAL_I2C_AddrCallback
                0x080100e6                HAL_I2C_ListenCpltCallback
                0x080100fa                HAL_I2C_MemTxCpltCallback
                0x0801010e                HAL_I2C_MemRxCpltCallback
                0x08010122                HAL_I2C_ErrorCallback
                0x08010136                HAL_I2C_AbortCpltCallback
                0x0801014a                HAL_I2C_GetState
                0x08010166                HAL_I2C_GetMode
                0x08010182                HAL_I2C_GetError
 .text          0x08011f98      0x16c /tmp/ccyYiCd8.o
                0x08011f98                SystemInit
                0x08012004                SystemCoreClockUpdate
 .text          0x08012104      0x2fc /tmp/ccqUw2se.o
                0x08012104                HCI_TL_SPI_Init
                0x08012194                HCI_TL_SPI_DeInit
                0x080121bc                HCI_TL_SPI_Reset
                0x080121f0                HCI_TL_SPI_Receive
                0x080122a4                HCI_TL_SPI_Send
                0x0801236c                hci_tl_lowlevel_init
                0x080123dc                hci_tl_lowlevel_isr
 .text          0x08012400      0x42c /tmp/ccaKs7BO.o
                0x08012400                main
                0x080124bc                SendEnvironmentalData
                0x080125d4                MX_BlueNRG_MS_Init
                0x08012724                BSP_PB_Callback
                0x08012744                SystemClock_Config
                0x0801281c                Error_Handler
 .text          0x0801282c      0x824 /tmp/ccmRkPZQ.o
                0x0801282c                Add_HWServW2ST_Service
                0x080129c0                Environmental_Update
                0x08012a48                Make_Connection
                0x08012ab4                receiveData
                0x08012b00                sendData
                0x08012b34                enableNotification
                0x08012b94                LED_Update
                0x08012c58                Attribute_Modified_CB
                0x08012d44                GAP_ConnectionComplete_CB
                0x08012dac                GAP_DisconnectionComplete_CB
                0x08012e04                GATT_Notification_CB
                0x08012e38                user_notify
 .text          0x08013050      0x1c4 /tmp/cclH8XSF.o
                0x08013050                HAL_MspInit
 .text          0x08013214       0x8c /tmp/cclHqsHB.o
                0x08013214                NMI_Handler
                0x08013222                HardFault_Handler
                0x0801322a                MemManage_Handler
                0x08013232                BusFault_Handler
                0x0801323a                UsageFault_Handler
                0x08013242                SVC_Handler
                0x08013250                DebugMon_Handler
                0x0801325e                PendSV_Handler
                0x0801326c                SysTick_Handler
                0x08013278                EXTI0_IRQHandler
                0x0801328c                EXTI15_10_IRQHandler
 .text          0x080132a0      0x56c /tmp/cckJVdKm.o
                0x080132a0                BSP_GetVersion
                0x080132b2                BSP_LED_Init
                0x08013320                BSP_LED_DeInit
                0x08013360                BSP_LED_On
                0x0801338c                BSP_LED_Off
                0x080133b8                BSP_LED_Toggle
                0x080133e4                BSP_LED_GetState
                0x08013418                BSP_PB_Init
                0x08013528                BSP_PB_DeInit
                0x08013560                BSP_PB_GetState
                0x08013598                BSP_PB_IRQHandler
                0x080135e8                BSP_COM_Init
                0x08013650                BSP_COM_DeInit
                0x080136b8                MX_USART2_UART_Init
                0x08013714                BSP_COM_SelectLogPort
                0x08013740                __io_putchar
 .text          0x0801380c      0x2cc /tmp/ccFn6jcz.o
                0x0801380c                BSP_SPI1_Init
                0x0801386c                BSP_SPI1_DeInit
                0x080138bc                BSP_SPI1_Send
                0x080138f4                BSP_SPI1_Recv
                0x0801392c                BSP_SPI1_SendRecv
                0x0801396c                BSP_GetTick
                0x0801397a                MX_SPI1_Init
 .text          0x08013ad8      0x270 /tmp/cc73S2px.o
                0x08013ad8                initialise_monitor_handles
                0x08013ae6                _getpid
                0x08013af6                _kill
                0x08013b16                _exit
                0x08013b2c                _read
                0x08013b66                _write
                0x08013b9e                _sbrk
                0x08013bf8                _close
                0x08013c10                _fstat
                0x08013c30                _isatty
                0x08013c46                _lseek
                0x08013c60                _open
                0x08013c7c                _wait
                0x08013c9a                _unlink
                0x08013cb8                _times
                0x08013cd0                _stat
                0x08013cf0                _link
                0x08013d10                _fork
                0x08013d26                _execve
 .text          0x08013d48      0x54c /tmp/ccqgJ70I.o
                0x08013d48                write8
                0x08013d8c                read8
                0x08013df0                read16
                0x08013e68                enable
                0x08013e86                setIntegrationTime
                0x08013ea2                setGain
                0x08013ec8                tcs34725_init
                0x08013f28                tcs34725_read_color
                0x08014014                calculateColorTemperature
                0x08014210                calculateLux
 .text          0x08014294      0x194 /tmp/ccwSKXvH.o
                0x08014294                sht4x_measure_blocking_read
                0x08014360                sht4x_probe
                0x08014378                sht4x_enable_low_power_mode
                0x080143bc                sht4x_read_serial
                0x08014418                sht4x_get_configured_address
 .text          0x08014428      0xce0 /tmp/ccieICWv.o
                0x08014428                uart2_Init
                0x08014480                uart6_Init
                0x080144d8                uart_Write
                0x08014500                put_char
                0x08014524                putchar_stlink
                0x08014548                putchar_zigbee
                0x0801456c                HAL_UART_RxCpltCallback
                0x08014590                num2str
                0x08014698                str2num
                0x08014724                float2str
                0x08014874                put_string
                0x080148a0                put_string_stlink
                0x080148cc                put_string_zigbee
                0x080148f8                term_printf
                0x08014ba8                term_printf_stlink
                0x08014e58                term_printf_zigbee
 .text          0x08015108      0x500 /tmp/ccKdCVpR.o
                0x08015108                i2c1_Init
                0x0801515c                i2c1_WriteBuffer
                0x08015190                i2c1_ReadBuffer
                0x080151c4                i2c1_ReadRegBuffer
                0x08015228                i2c1_WriteRegBuffer
                0x08015278                i2c1_WriteRegByte_IT
                0x080152c4                i2c1_ReadRegBuffer_IT
                0x0801532c                i2c1_WriteReg16Byte
                0x08015378                i2c1_WriteReg16Word16
                0x080153d0                i2c1_WriteReg16Word32
                0x08015434                i2c1_ReadReg16Byte
                0x080154a0                i2c1_ReadReg16Word16
                0x0801551c                i2c1_ReadReg16Word32
                0x0801559c                i2c1_ReadReg16Buffer
 .text          0x08015608       0x40 /opt/st/stm32cubeide_1.15.0/plugins/com.st.stm32cube.ide.mcu.externaltools.gnu-tools-for-stm32.12.3.rel1.linux64_1.0.100.202403111256/tools/bin/../lib/gcc/arm-none-eabi/12.3.1/thumb/v7e-m+fp/hard/libgcc.a(_arm_fixunsdfsi.o)
                0x08015608                __fixunsdfsi
                0x08015608                __aeabi_d2uiz
 .text          0x08015648       0x30 /opt/st/stm32cubeide_1.15.0/plugins/com.st.stm32cube.ide.mcu.externaltools.gnu-tools-for-stm32.12.3.rel1.linux64_1.0.100.202403111256/tools/bin/../lib/gcc/arm-none-eabi/12.3.1/thumb/v7e-m+fp/hard/libgcc.a(_aeabi_uldivmod.o)
                0x08015648                __aeabi_uldivmod
 .text          0x08015678      0x2bc /opt/st/stm32cubeide_1.15.0/plugins/com.st.stm32cube.ide.mcu.externaltools.gnu-tools-for-stm32.12.3.rel1.linux64_1.0.100.202403111256/tools/bin/../lib/gcc/arm-none-eabi/12.3.1/thumb/v7e-m+fp/hard/libgcc.a(_udivmoddi4.o)
                0x08015678                __udivmoddi4
 .text          0x08015934        0x4 /opt/st/stm32cubeide_1.15.0/plugins/com.st.stm32cube.ide.mcu.externaltools.gnu-tools-for-stm32.12.3.rel1.linux64_1.0.100.202403111256/tools/bin/../lib/gcc/arm-none-eabi/12.3.1/thumb/v7e-m+fp/hard/libgcc.a(_dvmd_tls.o)
                0x08015934                __aeabi_ldiv0
                0x08015934                __aeabi_idiv0
 *fill*         0x08015938        0x8 
 .text          0x08015940       0xa0 /opt/st/stm32cubeide_1.15.0/plugins/com.st.stm32cube.ide.mcu.externaltools.gnu-tools-for-stm32.12.3.rel1.linux64_1.0.100.202403111256/tools/bin/../lib/gcc/arm-none-eabi/12.3.1/../../../../arm-none-eabi/lib/thumb/v7e-m+fp/hard/libg_nano.a(libc_a-memchr.o)
                0x08015940                memchr
 *(.text*)
 .text.std      0x080159e0       0x6c /opt/st/stm32cubeide_1.15.0/plugins/com.st.stm32cube.ide.mcu.externaltools.gnu-tools-for-stm32.12.3.rel1.linux64_1.0.100.202403111256/tools/bin/../lib/gcc/arm-none-eabi/12.3.1/../../../../arm-none-eabi/lib/thumb/v7e-m+fp/hard/libc_nano.a(libc_a-findfp.o)
 .text.stdio_exit_handler
                0x08015a4c       0x18 /opt/st/stm32cubeide_1.15.0/plugins/com.st.stm32cube.ide.mcu.externaltools.gnu-tools-for-stm32.12.3.rel1.linux64_1.0.100.202403111256/tools/bin/../lib/gcc/arm-none-eabi/12.3.1/../../../../arm-none-eabi/lib/thumb/v7e-m+fp/hard/libc_nano.a(libc_a-findfp.o)
 .text.cleanup_stdio
                0x08015a64       0x40 /opt/st/stm32cubeide_1.15.0/plugins/com.st.stm32cube.ide.mcu.externaltools.gnu-tools-for-stm32.12.3.rel1.linux64_1.0.100.202403111256/tools/bin/../lib/gcc/arm-none-eabi/12.3.1/../../../../arm-none-eabi/lib/thumb/v7e-m+fp/hard/libc_nano.a(libc_a-findfp.o)
 .text.global_stdio_init.part.0
                0x08015aa4       0x3c /opt/st/stm32cubeide_1.15.0/plugins/com.st.stm32cube.ide.mcu.externaltools.gnu-tools-for-stm32.12.3.rel1.linux64_1.0.100.202403111256/tools/bin/../lib/gcc/arm-none-eabi/12.3.1/../../../../arm-none-eabi/lib/thumb/v7e-m+fp/hard/libc_nano.a(libc_a-findfp.o)
 .text.__sfp_lock_acquire
                0x08015ae0        0xc /opt/st/stm32cubeide_1.15.0/plugins/com.st.stm32cube.ide.mcu.externaltools.gnu-tools-for-stm32.12.3.rel1.linux64_1.0.100.202403111256/tools/bin/../lib/gcc/arm-none-eabi/12.3.1/../../../../arm-none-eabi/lib/thumb/v7e-m+fp/hard/libc_nano.a(libc_a-findfp.o)
                0x08015ae0                __sfp_lock_acquire
 .text.__sfp_lock_release
                0x08015aec        0xc /opt/st/stm32cubeide_1.15.0/plugins/com.st.stm32cube.ide.mcu.externaltools.gnu-tools-for-stm32.12.3.rel1.linux64_1.0.100.202403111256/tools/bin/../lib/gcc/arm-none-eabi/12.3.1/../../../../arm-none-eabi/lib/thumb/v7e-m+fp/hard/libc_nano.a(libc_a-findfp.o)
                0x08015aec                __sfp_lock_release
 .text.__sinit  0x08015af8       0x30 /opt/st/stm32cubeide_1.15.0/plugins/com.st.stm32cube.ide.mcu.externaltools.gnu-tools-for-stm32.12.3.rel1.linux64_1.0.100.202403111256/tools/bin/../lib/gcc/arm-none-eabi/12.3.1/../../../../arm-none-eabi/lib/thumb/v7e-m+fp/hard/libc_nano.a(libc_a-findfp.o)
                0x08015af8                __sinit
 .text._fwalk_sglue
                0x08015b28       0x3c /opt/st/stm32cubeide_1.15.0/plugins/com.st.stm32cube.ide.mcu.externaltools.gnu-tools-for-stm32.12.3.rel1.linux64_1.0.100.202403111256/tools/bin/../lib/gcc/arm-none-eabi/12.3.1/../../../../arm-none-eabi/lib/thumb/v7e-m+fp/hard/libc_nano.a(libc_a-fwalk.o)
                0x08015b28                _fwalk_sglue
 .text.__sread  0x08015b64       0x22 /opt/st/stm32cubeide_1.15.0/plugins/com.st.stm32cube.ide.mcu.externaltools.gnu-tools-for-stm32.12.3.rel1.linux64_1.0.100.202403111256/tools/bin/../lib/gcc/arm-none-eabi/12.3.1/../../../../arm-none-eabi/lib/thumb/v7e-m+fp/hard/libc_nano.a(libc_a-stdio.o)
                0x08015b64                __sread
 .text.__swrite
                0x08015b86       0x38 /opt/st/stm32cubeide_1.15.0/plugins/com.st.stm32cube.ide.mcu.externaltools.gnu-tools-for-stm32.12.3.rel1.linux64_1.0.100.202403111256/tools/bin/../lib/gcc/arm-none-eabi/12.3.1/../../../../arm-none-eabi/lib/thumb/v7e-m+fp/hard/libc_nano.a(libc_a-stdio.o)
                0x08015b86                __swrite
 .text.__sseek  0x08015bbe       0x24 /opt/st/stm32cubeide_1.15.0/plugins/com.st.stm32cube.ide.mcu.externaltools.gnu-tools-for-stm32.12.3.rel1.linux64_1.0.100.202403111256/tools/bin/../lib/gcc/arm-none-eabi/12.3.1/../../../../arm-none-eabi/lib/thumb/v7e-m+fp/hard/libc_nano.a(libc_a-stdio.o)
                0x08015bbe                __sseek
 .text.__sclose
                0x08015be2        0x8 /opt/st/stm32cubeide_1.15.0/plugins/com.st.stm32cube.ide.mcu.externaltools.gnu-tools-for-stm32.12.3.rel1.linux64_1.0.100.202403111256/tools/bin/../lib/gcc/arm-none-eabi/12.3.1/../../../../arm-none-eabi/lib/thumb/v7e-m+fp/hard/libc_nano.a(libc_a-stdio.o)
                0x08015be2                __sclose
 .text.memset   0x08015bea       0x10 /opt/st/stm32cubeide_1.15.0/plugins/com.st.stm32cube.ide.mcu.externaltools.gnu-tools-for-stm32.12.3.rel1.linux64_1.0.100.202403111256/tools/bin/../lib/gcc/arm-none-eabi/12.3.1/../../../../arm-none-eabi/lib/thumb/v7e-m+fp/hard/libc_nano.a(libc_a-memset.o)
                0x08015bea                memset
 *fill*         0x08015bfa        0x2 
 .text._close_r
                0x08015bfc       0x20 /opt/st/stm32cubeide_1.15.0/plugins/com.st.stm32cube.ide.mcu.externaltools.gnu-tools-for-stm32.12.3.rel1.linux64_1.0.100.202403111256/tools/bin/../lib/gcc/arm-none-eabi/12.3.1/../../../../arm-none-eabi/lib/thumb/v7e-m+fp/hard/libc_nano.a(libc_a-closer.o)
                0x08015bfc                _close_r
 .text._lseek_r
                0x08015c1c       0x24 /opt/st/stm32cubeide_1.15.0/plugins/com.st.stm32cube.ide.mcu.externaltools.gnu-tools-for-stm32.12.3.rel1.linux64_1.0.100.202403111256/tools/bin/../lib/gcc/arm-none-eabi/12.3.1/../../../../arm-none-eabi/lib/thumb/v7e-m+fp/hard/libc_nano.a(libc_a-lseekr.o)
                0x08015c1c                _lseek_r
 .text._read_r  0x08015c40       0x24 /opt/st/stm32cubeide_1.15.0/plugins/com.st.stm32cube.ide.mcu.externaltools.gnu-tools-for-stm32.12.3.rel1.linux64_1.0.100.202403111256/tools/bin/../lib/gcc/arm-none-eabi/12.3.1/../../../../arm-none-eabi/lib/thumb/v7e-m+fp/hard/libc_nano.a(libc_a-readr.o)
                0x08015c40                _read_r
 .text._write_r
                0x08015c64       0x24 /opt/st/stm32cubeide_1.15.0/plugins/com.st.stm32cube.ide.mcu.externaltools.gnu-tools-for-stm32.12.3.rel1.linux64_1.0.100.202403111256/tools/bin/../lib/gcc/arm-none-eabi/12.3.1/../../../../arm-none-eabi/lib/thumb/v7e-m+fp/hard/libc_nano.a(libc_a-writer.o)
                0x08015c64                _write_r
 .text.__libc_init_array
                0x08015c88       0x48 /opt/st/stm32cubeide_1.15.0/plugins/com.st.stm32cube.ide.mcu.externaltools.gnu-tools-for-stm32.12.3.rel1.linux64_1.0.100.202403111256/tools/bin/../lib/gcc/arm-none-eabi/12.3.1/../../../../arm-none-eabi/lib/thumb/v7e-m+fp/hard/libc_nano.a(libc_a-init.o)
                0x08015c88                __libc_init_array
 .text.__retarget_lock_init_recursive
                0x08015cd0        0x2 /opt/st/stm32cubeide_1.15.0/plugins/com.st.stm32cube.ide.mcu.externaltools.gnu-tools-for-stm32.12.3.rel1.linux64_1.0.100.202403111256/tools/bin/../lib/gcc/arm-none-eabi/12.3.1/../../../../arm-none-eabi/lib/thumb/v7e-m+fp/hard/libc_nano.a(libc_a-lock.o)
                0x08015cd0                __retarget_lock_init_recursive
 .text.__retarget_lock_acquire_recursive
                0x08015cd2        0x2 /opt/st/stm32cubeide_1.15.0/plugins/com.st.stm32cube.ide.mcu.externaltools.gnu-tools-for-stm32.12.3.rel1.linux64_1.0.100.202403111256/tools/bin/../lib/gcc/arm-none-eabi/12.3.1/../../../../arm-none-eabi/lib/thumb/v7e-m+fp/hard/libc_nano.a(libc_a-lock.o)
                0x08015cd2                __retarget_lock_acquire_recursive
 .text.__retarget_lock_release_recursive
                0x08015cd4        0x2 /opt/st/stm32cubeide_1.15.0/plugins/com.st.stm32cube.ide.mcu.externaltools.gnu-tools-for-stm32.12.3.rel1.linux64_1.0.100.202403111256/tools/bin/../lib/gcc/arm-none-eabi/12.3.1/../../../../arm-none-eabi/lib/thumb/v7e-m+fp/hard/libc_nano.a(libc_a-lock.o)
                0x08015cd4                __retarget_lock_release_recursive
 *fill*         0x08015cd6        0x2 
 .text._free_r  0x08015cd8       0x94 /opt/st/stm32cubeide_1.15.0/plugins/com.st.stm32cube.ide.mcu.externaltools.gnu-tools-for-stm32.12.3.rel1.linux64_1.0.100.202403111256/tools/bin/../lib/gcc/arm-none-eabi/12.3.1/../../../../arm-none-eabi/lib/thumb/v7e-m+fp/hard/libc_nano.a(libc_a-freer.o)
                0x08015cd8                _free_r
 .text.sbrk_aligned
                0x08015d6c       0x44 /opt/st/stm32cubeide_1.15.0/plugins/com.st.stm32cube.ide.mcu.externaltools.gnu-tools-for-stm32.12.3.rel1.linux64_1.0.100.202403111256/tools/bin/../lib/gcc/arm-none-eabi/12.3.1/../../../../arm-none-eabi/lib/thumb/v7e-m+fp/hard/libc_nano.a(libc_a-mallocr.o)
 .text._malloc_r
                0x08015db0      0x100 /opt/st/stm32cubeide_1.15.0/plugins/com.st.stm32cube.ide.mcu.externaltools.gnu-tools-for-stm32.12.3.rel1.linux64_1.0.100.202403111256/tools/bin/../lib/gcc/arm-none-eabi/12.3.1/../../../../arm-none-eabi/lib/thumb/v7e-m+fp/hard/libc_nano.a(libc_a-mallocr.o)
                0x08015db0                _malloc_r
 .text.__malloc_lock
                0x08015eb0        0xc /opt/st/stm32cubeide_1.15.0/plugins/com.st.stm32cube.ide.mcu.externaltools.gnu-tools-for-stm32.12.3.rel1.linux64_1.0.100.202403111256/tools/bin/../lib/gcc/arm-none-eabi/12.3.1/../../../../arm-none-eabi/lib/thumb/v7e-m+fp/hard/libc_nano.a(libc_a-mlock.o)
                0x08015eb0                __malloc_lock
 .text.__malloc_unlock
                0x08015ebc        0xc /opt/st/stm32cubeide_1.15.0/plugins/com.st.stm32cube.ide.mcu.externaltools.gnu-tools-for-stm32.12.3.rel1.linux64_1.0.100.202403111256/tools/bin/../lib/gcc/arm-none-eabi/12.3.1/../../../../arm-none-eabi/lib/thumb/v7e-m+fp/hard/libc_nano.a(libc_a-mlock.o)
                0x08015ebc                __malloc_unlock
 .text.__sflush_r
                0x08015ec8      0x108 /opt/st/stm32cubeide_1.15.0/plugins/com.st.stm32cube.ide.mcu.externaltools.gnu-tools-for-stm32.12.3.rel1.linux64_1.0.100.202403111256/tools/bin/../lib/gcc/arm-none-eabi/12.3.1/../../../../arm-none-eabi/lib/thumb/v7e-m+fp/hard/libc_nano.a(libc_a-fflush.o)
                0x08015ec8                __sflush_r
 .text._fflush_r
                0x08015fd0       0x50 /opt/st/stm32cubeide_1.15.0/plugins/com.st.stm32cube.ide.mcu.externaltools.gnu-tools-for-stm32.12.3.rel1.linux64_1.0.100.202403111256/tools/bin/../lib/gcc/arm-none-eabi/12.3.1/../../../../arm-none-eabi/lib/thumb/v7e-m+fp/hard/libc_nano.a(libc_a-fflush.o)
                0x08015fd0                _fflush_r
 .text.fflush   0x08016020       0x28 /opt/st/stm32cubeide_1.15.0/plugins/com.st.stm32cube.ide.mcu.externaltools.gnu-tools-for-stm32.12.3.rel1.linux64_1.0.100.202403111256/tools/bin/../lib/gcc/arm-none-eabi/12.3.1/../../../../arm-none-eabi/lib/thumb/v7e-m+fp/hard/libc_nano.a(libc_a-fflush.o)
                0x08016020                fflush
 .text._sbrk_r  0x08016048       0x20 /opt/st/stm32cubeide_1.15.0/plugins/com.st.stm32cube.ide.mcu.externaltools.gnu-tools-for-stm32.12.3.rel1.linux64_1.0.100.202403111256/tools/bin/../lib/gcc/arm-none-eabi/12.3.1/../../../../arm-none-eabi/lib/thumb/v7e-m+fp/hard/libc_nano.a(libc_a-sbrkr.o)
                0x08016048                _sbrk_r
 .text.Reset_Handler
                0x08016068       0x50 /tmp/ccNp1G9V.o
                0x08016068                Reset_Handler
 .text.Default_Handler
                0x080160b8        0x2 /tmp/ccNp1G9V.o
                0x080160b8                RTC_Alarm_IRQHandler
                0x080160b8                EXTI2_IRQHandler
                0x080160b8                SPI4_IRQHandler
                0x080160b8                TIM1_CC_IRQHandler
                0x080160b8                DMA2_Stream5_IRQHandler
                0x080160b8                DMA1_Stream5_IRQHandler
                0x080160b8                PVD_IRQHandler
                0x080160b8                SDIO_IRQHandler
                0x080160b8                TAMP_STAMP_IRQHandler
                0x080160b8                EXTI3_IRQHandler
                0x080160b8                TIM1_UP_TIM10_IRQHandler
                0x080160b8                I2C3_ER_IRQHandler
                0x080160b8                I2C2_EV_IRQHandler
                0x080160b8                DMA1_Stream2_IRQHandler
                0x080160b8                FPU_IRQHandler
                0x080160b8                DMA2_Stream2_IRQHandler
                0x080160b8                SPI1_IRQHandler
                0x080160b8                TIM1_BRK_TIM9_IRQHandler
                0x080160b8                DMA2_Stream3_IRQHandler
                0x080160b8                USART6_IRQHandler
                0x080160b8                DMA2_Stream0_IRQHandler
                0x080160b8                TIM4_IRQHandler
                0x080160b8                I2C1_EV_IRQHandler
                0x080160b8                DMA1_Stream6_IRQHandler
                0x080160b8                DMA1_Stream1_IRQHandler
                0x080160b8                TIM3_IRQHandler
                0x080160b8                RCC_IRQHandler
                0x080160b8                Default_Handler
                0x080160b8                ADC_IRQHandler
                0x080160b8                DMA1_Stream7_IRQHandler
                0x080160b8                SPI5_IRQHandler
                0x080160b8                TIM5_IRQHandler
                0x080160b8                DMA2_Stream7_IRQHandler
                0x080160b8                I2C3_EV_IRQHandler
                0x080160b8                EXTI9_5_IRQHandler
                0x080160b8                RTC_WKUP_IRQHandler
                0x080160b8                SPI2_IRQHandler
                0x080160b8                DMA1_Stream0_IRQHandler
                0x080160b8                EXTI4_IRQHandler
                0x080160b8                WWDG_IRQHandler
                0x080160b8                TIM2_IRQHandler
                0x080160b8                OTG_FS_WKUP_IRQHandler
                0x080160b8                TIM1_TRG_COM_TIM11_IRQHandler
                0x080160b8                EXTI1_IRQHandler
                0x080160b8                USART2_IRQHandler
                0x080160b8                I2C2_ER_IRQHandler
                0x080160b8                DMA2_Stream1_IRQHandler
                0x080160b8                FLASH_IRQHandler
                0x080160b8                DMA2_Stream4_IRQHandler
                0x080160b8                USART1_IRQHandler
                0x080160b8                OTG_FS_IRQHandler
                0x080160b8                SPI3_IRQHandler
                0x080160b8                DMA1_Stream4_IRQHandler
                0x080160b8                I2C1_ER_IRQHandler
                0x080160b8                DMA2_Stream6_IRQHandler
                0x080160b8                DMA1_Stream3_IRQHandler
 *fill*         0x080160ba        0x2 
 .text.printf   0x080160bc       0x24 /opt/st/stm32cubeide_1.15.0/plugins/com.st.stm32cube.ide.mcu.externaltools.gnu-tools-for-stm32.12.3.rel1.linux64_1.0.100.202403111256/tools/bin/../lib/gcc/arm-none-eabi/12.3.1/../../../../arm-none-eabi/lib/thumb/v7e-m+fp/hard/libg_nano.a(libc_a-printf.o)
                0x080160bc                printf
                0x080160bc                iprintf
 .text.putchar  0x080160e0       0x10 /opt/st/stm32cubeide_1.15.0/plugins/com.st.stm32cube.ide.mcu.externaltools.gnu-tools-for-stm32.12.3.rel1.linux64_1.0.100.202403111256/tools/bin/../lib/gcc/arm-none-eabi/12.3.1/../../../../arm-none-eabi/lib/thumb/v7e-m+fp/hard/libg_nano.a(libc_a-putchar.o)
                0x080160e0                putchar
 .text._puts_r  0x080160f0       0xaa /opt/st/stm32cubeide_1.15.0/plugins/com.st.stm32cube.ide.mcu.externaltools.gnu-tools-for-stm32.12.3.rel1.linux64_1.0.100.202403111256/tools/bin/../lib/gcc/arm-none-eabi/12.3.1/../../../../arm-none-eabi/lib/thumb/v7e-m+fp/hard/libg_nano.a(libc_a-puts.o)
                0x080160f0                _puts_r
 *fill*         0x0801619a        0x2 
 .text.puts     0x0801619c       0x10 /opt/st/stm32cubeide_1.15.0/plugins/com.st.stm32cube.ide.mcu.externaltools.gnu-tools-for-stm32.12.3.rel1.linux64_1.0.100.202403111256/tools/bin/../lib/gcc/arm-none-eabi/12.3.1/../../../../arm-none-eabi/lib/thumb/v7e-m+fp/hard/libg_nano.a(libc_a-puts.o)
                0x0801619c                puts
 .text.__swbuf_r
                0x080161ac       0x7c /opt/st/stm32cubeide_1.15.0/plugins/com.st.stm32cube.ide.mcu.externaltools.gnu-tools-for-stm32.12.3.rel1.linux64_1.0.100.202403111256/tools/bin/../lib/gcc/arm-none-eabi/12.3.1/../../../../arm-none-eabi/lib/thumb/v7e-m+fp/hard/libg_nano.a(libc_a-wbuf.o)
                0x080161ac                __swbuf_r
 .text.__swsetup_r
                0x08016228       0xac /opt/st/stm32cubeide_1.15.0/plugins/com.st.stm32cube.ide.mcu.externaltools.gnu-tools-for-stm32.12.3.rel1.linux64_1.0.100.202403111256/tools/bin/../lib/gcc/arm-none-eabi/12.3.1/../../../../arm-none-eabi/lib/thumb/v7e-m+fp/hard/libg_nano.a(libc_a-wsetup.o)
                0x08016228                __swsetup_r
 .text.__errno  0x080162d4        0xc /opt/st/stm32cubeide_1.15.0/plugins/com.st.stm32cube.ide.mcu.externaltools.gnu-tools-for-stm32.12.3.rel1.linux64_1.0.100.202403111256/tools/bin/../lib/gcc/arm-none-eabi/12.3.1/../../../../arm-none-eabi/lib/thumb/v7e-m+fp/hard/libg_nano.a(libc_a-errno.o)
                0x080162d4                __errno
 .text.memcpy   0x080162e0       0x1c /opt/st/stm32cubeide_1.15.0/plugins/com.st.stm32cube.ide.mcu.externaltools.gnu-tools-for-stm32.12.3.rel1.linux64_1.0.100.202403111256/tools/bin/../lib/gcc/arm-none-eabi/12.3.1/../../../../arm-none-eabi/lib/thumb/v7e-m+fp/hard/libg_nano.a(libc_a-memcpy-stub.o)
                0x080162e0                memcpy
 .text.__sfputc_r
                0x080162fc       0x2e /opt/st/stm32cubeide_1.15.0/plugins/com.st.stm32cube.ide.mcu.externaltools.gnu-tools-for-stm32.12.3.rel1.linux64_1.0.100.202403111256/tools/bin/../lib/gcc/arm-none-eabi/12.3.1/../../../../arm-none-eabi/lib/thumb/v7e-m+fp/hard/libg_nano.a(libc_a-nano-vfprintf.o)
 .text.__sfputs_r
                0x0801632a       0x24 /opt/st/stm32cubeide_1.15.0/plugins/com.st.stm32cube.ide.mcu.externaltools.gnu-tools-for-stm32.12.3.rel1.linux64_1.0.100.202403111256/tools/bin/../lib/gcc/arm-none-eabi/12.3.1/../../../../arm-none-eabi/lib/thumb/v7e-m+fp/hard/libg_nano.a(libc_a-nano-vfprintf.o)
                0x0801632a                __sfputs_r
 *fill*         0x0801634e        0x2 
 .text._vfprintf_r
                0x08016350      0x230 /opt/st/stm32cubeide_1.15.0/plugins/com.st.stm32cube.ide.mcu.externaltools.gnu-tools-for-stm32.12.3.rel1.linux64_1.0.100.202403111256/tools/bin/../lib/gcc/arm-none-eabi/12.3.1/../../../../arm-none-eabi/lib/thumb/v7e-m+fp/hard/libg_nano.a(libc_a-nano-vfprintf.o)
                0x08016350                _vfiprintf_r
                0x08016350                _vfprintf_r
 .text._printf_common
                0x08016580       0xda /opt/st/stm32cubeide_1.15.0/plugins/com.st.stm32cube.ide.mcu.externaltools.gnu-tools-for-stm32.12.3.rel1.linux64_1.0.100.202403111256/tools/bin/../lib/gcc/arm-none-eabi/12.3.1/../../../../arm-none-eabi/lib/thumb/v7e-m+fp/hard/libg_nano.a(libc_a-nano-vfprintf_i.o)
                0x08016580                _printf_common
 *fill*         0x0801665a        0x2 
 .text._printf_i
                0x0801665c      0x240 /opt/st/stm32cubeide_1.15.0/plugins/com.st.stm32cube.ide.mcu.externaltools.gnu-tools-for-stm32.12.3.rel1.linux64_1.0.100.202403111256/tools/bin/../lib/gcc/arm-none-eabi/12.3.1/../../../../arm-none-eabi/lib/thumb/v7e-m+fp/hard/libg_nano.a(libc_a-nano-vfprintf_i.o)
                0x0801665c                _printf_i
 .text.__swhatbuf_r
                0x0801689c       0x4c /opt/st/stm32cubeide_1.15.0/plugins/com.st.stm32cube.ide.mcu.externaltools.gnu-tools-for-stm32.12.3.rel1.linux64_1.0.100.202403111256/tools/bin/../lib/gcc/arm-none-eabi/12.3.1/../../../../arm-none-eabi/lib/thumb/v7e-m+fp/hard/libg_nano.a(libc_a-makebuf.o)
                0x0801689c                __swhatbuf_r
 .text.__smakebuf_r
                0x080168e8       0x78 /opt/st/stm32cubeide_1.15.0/plugins/com.st.stm32cube.ide.mcu.externaltools.gnu-tools-for-stm32.12.3.rel1.linux64_1.0.100.202403111256/tools/bin/../lib/gcc/arm-none-eabi/12.3.1/../../../../arm-none-eabi/lib/thumb/v7e-m+fp/hard/libg_nano.a(libc_a-makebuf.o)
                0x080168e8                __smakebuf_r
 .text._putc_r  0x08016960       0x68 /opt/st/stm32cubeide_1.15.0/plugins/com.st.stm32cube.ide.mcu.externaltools.gnu-tools-for-stm32.12.3.rel1.linux64_1.0.100.202403111256/tools/bin/../lib/gcc/arm-none-eabi/12.3.1/../../../../arm-none-eabi/lib/thumb/v7e-m+fp/hard/libg_nano.a(libc_a-putc.o)
                0x08016960                _putc_r
 .text._fstat_r
                0x080169c8       0x24 /opt/st/stm32cubeide_1.15.0/plugins/com.st.stm32cube.ide.mcu.externaltools.gnu-tools-for-stm32.12.3.rel1.linux64_1.0.100.202403111256/tools/bin/../lib/gcc/arm-none-eabi/12.3.1/../../../../arm-none-eabi/lib/thumb/v7e-m+fp/hard/libg_nano.a(libc_a-fstatr.o)
                0x080169c8                _fstat_r
 .text._isatty_r
                0x080169ec       0x20 /opt/st/stm32cubeide_1.15.0/plugins/com.st.stm32cube.ide.mcu.externaltools.gnu-tools-for-stm32.12.3.rel1.linux64_1.0.100.202403111256/tools/bin/../lib/gcc/arm-none-eabi/12.3.1/../../../../arm-none-eabi/lib/thumb/v7e-m+fp/hard/libg_nano.a(libc_a-isattyr.o)
                0x080169ec                _isatty_r
 *(.glue_7)
 .glue_7        0x08016a0c        0x0 linker stubs
 *(.glue_7t)
 .glue_7t       0x08016a0c        0x0 linker stubs
 *(.eh_frame)
 .eh_frame      0x08016a0c        0x0 /opt/st/stm32cubeide_1.15.0/plugins/com.st.stm32cube.ide.mcu.externaltools.gnu-tools-for-stm32.12.3.rel1.linux64_1.0.100.202403111256/tools/bin/../lib/gcc/arm-none-eabi/12.3.1/thumb/v7e-m+fp/hard/crtbegin.o
 *(.init)
 .init          0x08016a0c        0x4 /opt/st/stm32cubeide_1.15.0/plugins/com.st.stm32cube.ide.mcu.externaltools.gnu-tools-for-stm32.12.3.rel1.linux64_1.0.100.202403111256/tools/bin/../lib/gcc/arm-none-eabi/12.3.1/thumb/v7e-m+fp/hard/crti.o
                0x08016a0c                _init
 .init          0x08016a10        0x8 /opt/st/stm32cubeide_1.15.0/plugins/com.st.stm32cube.ide.mcu.externaltools.gnu-tools-for-stm32.12.3.rel1.linux64_1.0.100.202403111256/tools/bin/../lib/gcc/arm-none-eabi/12.3.1/thumb/v7e-m+fp/hard/crtn.o
 *(.fini)
 .fini          0x08016a18        0x4 /opt/st/stm32cubeide_1.15.0/plugins/com.st.stm32cube.ide.mcu.externaltools.gnu-tools-for-stm32.12.3.rel1.linux64_1.0.100.202403111256/tools/bin/../lib/gcc/arm-none-eabi/12.3.1/thumb/v7e-m+fp/hard/crti.o
                0x08016a18                _fini
 .fini          0x08016a1c        0x8 /opt/st/stm32cubeide_1.15.0/plugins/com.st.stm32cube.ide.mcu.externaltools.gnu-tools-for-stm32.12.3.rel1.linux64_1.0.100.202403111256/tools/bin/../lib/gcc/arm-none-eabi/12.3.1/thumb/v7e-m+fp/hard/crtn.o
                0x08016a24                        . = ALIGN (0x4)
                0x08016a24                        _etext = .

.vfp11_veneer   0x08016a24        0x0
 .vfp11_veneer  0x08016a24        0x0 linker stubs

.v4_bx          0x08016a24        0x0
 .v4_bx         0x08016a24        0x0 linker stubs

.iplt           0x08016a24        0x0
 .iplt          0x08016a24        0x0 /opt/st/stm32cubeide_1.15.0/plugins/com.st.stm32cube.ide.mcu.externaltools.gnu-tools-for-stm32.12.3.rel1.linux64_1.0.100.202403111256/tools/bin/../lib/gcc/arm-none-eabi/12.3.1/thumb/v7e-m+fp/hard/crtbegin.o

.rodata         0x08016a24      0x3d0
                0x08016a24                        . = ALIGN (0x4)
 *(.rodata)
 .rodata        0x08016a24        0x8 /tmp/cc9qa9C6.o
 .rodata        0x08016a2c       0x18 /tmp/ccyYiCd8.o
                0x08016a2c                AHBPrescTable
                0x08016a3c                APBPrescTable
 .rodata        0x08016a44        0xd /tmp/ccqUw2se.o
 *fill*         0x08016a51        0x3 
 .rodata        0x08016a54      0x13a /tmp/ccaKs7BO.o
 *fill*         0x08016b8e        0x2 
 .rodata        0x08016b90      0x162 /tmp/ccmRkPZQ.o
 *fill*         0x08016cf2        0x2 
 .rodata        0x08016cf4       0x18 /tmp/cckJVdKm.o
 .rodata        0x08016d0c       0xa2 /tmp/ccqgJ70I.o
 *fill*         0x08016dae        0x2 
 .rodata        0x08016db0       0x11 /tmp/ccieICWv.o
 *(.rodata*)
 .rodata._vfprintf_r.str1.1
                0x08016dc1       0x11 /opt/st/stm32cubeide_1.15.0/plugins/com.st.stm32cube.ide.mcu.externaltools.gnu-tools-for-stm32.12.3.rel1.linux64_1.0.100.202403111256/tools/bin/../lib/gcc/arm-none-eabi/12.3.1/../../../../arm-none-eabi/lib/thumb/v7e-m+fp/hard/libg_nano.a(libc_a-nano-vfprintf.o)
 .rodata._printf_i.str1.1
                0x08016dd2       0x22 /opt/st/stm32cubeide_1.15.0/plugins/com.st.stm32cube.ide.mcu.externaltools.gnu-tools-for-stm32.12.3.rel1.linux64_1.0.100.202403111256/tools/bin/../lib/gcc/arm-none-eabi/12.3.1/../../../../arm-none-eabi/lib/thumb/v7e-m+fp/hard/libg_nano.a(libc_a-nano-vfprintf_i.o)
                0x08016df4                        . = ALIGN (0x4)

.ARM.extab
 *(.ARM.extab* .gnu.linkonce.armextab.*)

.ARM            0x08016df4        0x8
                0x08016df4                        __exidx_start = .
 *(.ARM.exidx*)
 .ARM.exidx     0x08016df4        0x8 /opt/st/stm32cubeide_1.15.0/plugins/com.st.stm32cube.ide.mcu.externaltools.gnu-tools-for-stm32.12.3.rel1.linux64_1.0.100.202403111256/tools/bin/../lib/gcc/arm-none-eabi/12.3.1/thumb/v7e-m+fp/hard/libgcc.a(_udivmoddi4.o)
 .ARM.exidx     0x08016dfc        0x0 /opt/st/stm32cubeide_1.15.0/plugins/com.st.stm32cube.ide.mcu.externaltools.gnu-tools-for-stm32.12.3.rel1.linux64_1.0.100.202403111256/tools/bin/../lib/gcc/arm-none-eabi/12.3.1/../../../../arm-none-eabi/lib/thumb/v7e-m+fp/hard/libg_nano.a(libc_a-memchr.o)
                                  0x8 (size before relaxing)
                0x08016dfc                        __exidx_end = .

.rel.dyn        0x08016dfc        0x0
 .rel.iplt      0x08016dfc        0x0 /opt/st/stm32cubeide_1.15.0/plugins/com.st.stm32cube.ide.mcu.externaltools.gnu-tools-for-stm32.12.3.rel1.linux64_1.0.100.202403111256/tools/bin/../lib/gcc/arm-none-eabi/12.3.1/thumb/v7e-m+fp/hard/crtbegin.o

.preinit_array  0x08016dfc        0x0
                0x08016dfc                        PROVIDE (__preinit_array_start = .)
 *(.preinit_array*)
                0x08016dfc                        PROVIDE (__preinit_array_end = .)

.init_array     0x08016dfc        0x4
                0x08016dfc                        PROVIDE (__init_array_start = .)
 *(SORT_BY_NAME(.init_array.*))
 *(.init_array*)
 .init_array    0x08016dfc        0x4 /opt/st/stm32cubeide_1.15.0/plugins/com.st.stm32cube.ide.mcu.externaltools.gnu-tools-for-stm32.12.3.rel1.linux64_1.0.100.202403111256/tools/bin/../lib/gcc/arm-none-eabi/12.3.1/thumb/v7e-m+fp/hard/crtbegin.o
                0x08016e00                        PROVIDE (__init_array_end = .)

.fini_array     0x08016e00        0x4
                [!provide]                        PROVIDE (__fini_array_start = .)
 *(SORT_BY_NAME(.fini_array.*))
 *(.fini_array*)
 .fini_array    0x08016e00        0x4 /opt/st/stm32cubeide_1.15.0/plugins/com.st.stm32cube.ide.mcu.externaltools.gnu-tools-for-stm32.12.3.rel1.linux64_1.0.100.202403111256/tools/bin/../lib/gcc/arm-none-eabi/12.3.1/thumb/v7e-m+fp/hard/crtbegin.o
                [!provide]                        PROVIDE (__fini_array_end = .)
                0x08016e04                        _sidata = LOADADDR (.data)

.data           0x20000000       0x9c load address 0x08016e04
                0x20000000                        . = ALIGN (0x4)
                0x20000000                        _sdata = .
 *(.data)
 .data          0x20000000        0x5 /tmp/cctXPeHy.o
                0x20000000                uwTickPrio
                0x20000004                uwTickFreq
 *fill*         0x20000005        0x3 
 .data          0x20000008        0x4 /tmp/ccyYiCd8.o
                0x20000008                SystemCoreClock
 .data          0x2000000c        0x2 /tmp/ccaKs7BO.o
                0x2000000c                user_button_init_state
                0x2000000d                BLE_Role
 .data          0x2000000e        0x1 /tmp/ccmRkPZQ.o
                0x2000000e                set_connectable
 *fill*         0x2000000f        0x1 
 .data          0x20000010       0x18 /tmp/cckJVdKm.o
                0x20000018                hpb_exti
                0x20000024                COM_USART
 .data          0x20000028        0x4 /tmp/ccwSKXvH.o
 .data          0x2000002c       0x11 /tmp/ccieICWv.o
 *(.data*)
 *fill*         0x2000003d        0x3 
 .data.__sglue  0x20000040        0xc /opt/st/stm32cubeide_1.15.0/plugins/com.st.stm32cube.ide.mcu.externaltools.gnu-tools-for-stm32.12.3.rel1.linux64_1.0.100.202403111256/tools/bin/../lib/gcc/arm-none-eabi/12.3.1/../../../../arm-none-eabi/lib/thumb/v7e-m+fp/hard/libc_nano.a(libc_a-findfp.o)
                0x20000040                __sglue
 .data._impure_ptr
                0x2000004c        0x4 /opt/st/stm32cubeide_1.15.0/plugins/com.st.stm32cube.ide.mcu.externaltools.gnu-tools-for-stm32.12.3.rel1.linux64_1.0.100.202403111256/tools/bin/../lib/gcc/arm-none-eabi/12.3.1/../../../../arm-none-eabi/lib/thumb/v7e-m+fp/hard/libc_nano.a(libc_a-impure.o)
                0x2000004c                _impure_ptr
 .data._impure_data
                0x20000050       0x4c /opt/st/stm32cubeide_1.15.0/plugins/com.st.stm32cube.ide.mcu.externaltools.gnu-tools-for-stm32.12.3.rel1.linux64_1.0.100.202403111256/tools/bin/../lib/gcc/arm-none-eabi/12.3.1/../../../../arm-none-eabi/lib/thumb/v7e-m+fp/hard/libc_nano.a(libc_a-impure.o)
                0x20000050                _impure_data
                0x2000009c                        . = ALIGN (0x4)
                0x2000009c                        _edata = .

.igot.plt       0x2000009c        0x0 load address 0x08016ea0
 .igot.plt      0x2000009c        0x0 /opt/st/stm32cubeide_1.15.0/plugins/com.st.stm32cube.ide.mcu.externaltools.gnu-tools-for-stm32.12.3.rel1.linux64_1.0.100.202403111256/tools/bin/../lib/gcc/arm-none-eabi/12.3.1/thumb/v7e-m+fp/hard/crtbegin.o
                0x2000009c                        . = ALIGN (0x4)

.bss            0x2000009c      0x740 load address 0x08016ea0
                0x2000009c                        _sbss = .
                0x2000009c                        __bss_start__ = _sbss
 *(.bss)
 .bss           0x2000009c       0x1c /opt/st/stm32cubeide_1.15.0/plugins/com.st.stm32cube.ide.mcu.externaltools.gnu-tools-for-stm32.12.3.rel1.linux64_1.0.100.202403111256/tools/bin/../lib/gcc/arm-none-eabi/12.3.1/thumb/v7e-m+fp/hard/crtbegin.o
 .bss           0x200000b8      0x2dc /tmp/ccjdaOMT.o
 .bss           0x20000394       0xff /tmp/ccqUw2se.o
 *fill*         0x20000493        0x1 
 .bss           0x20000494        0xc /tmp/ccaKs7BO.o
                0x20000494                user_button_pressed
                0x20000495                bnrg_expansion_board
 .bss           0x200004a0       0x38 /tmp/ccmRkPZQ.o
                0x200004a0                connected
                0x200004a4                connection_handle
                0x200004a6                notification_enabled
                0x200004a7                start_read_tx_char_handle
                0x200004a8                start_read_rx_char_handle
                0x200004a9                end_read_tx_char_handle
                0x200004aa                end_read_rx_char_handle
                0x200004c0                humidity_subscription
                0x200004c4                temperature_subscription
                0x200004c8                X_subscription
                0x200004cc                Y_subscription
                0x200004d0                TempColor_subscription
                0x200004d4                LedState
 .bss           0x200004d8        0x1 /tmp/cckJVdKm.o
 *fill*         0x200004d9        0x3 
 .bss           0x200004dc        0x4 /tmp/ccFn6jcz.o
 .bss           0x200004e0        0x8 /tmp/cc73S2px.o
                0x200004e0                __env
 .bss           0x200004e8        0x2 /tmp/ccqgJ70I.o
                0x200004e8                _tcs34725IntegrationTime
                0x200004e9                _tcs34725Gain
 *fill*         0x200004ea        0x2 
 .bss           0x200004ec        0xb /tmp/ccieICWv.o
                0x200004ec                rec_buf2
                0x200004f0                rec_buf6
                0x200004f4                rec_buf
 *(.bss*)
 *fill*         0x200004f7        0x1 
 .bss.__sf      0x200004f8      0x138 /opt/st/stm32cubeide_1.15.0/plugins/com.st.stm32cube.ide.mcu.externaltools.gnu-tools-for-stm32.12.3.rel1.linux64_1.0.100.202403111256/tools/bin/../lib/gcc/arm-none-eabi/12.3.1/../../../../arm-none-eabi/lib/thumb/v7e-m+fp/hard/libc_nano.a(libc_a-findfp.o)
                0x200004f8                __sf
 .bss.__stdio_exit_handler
                0x20000630        0x4 /opt/st/stm32cubeide_1.15.0/plugins/com.st.stm32cube.ide.mcu.externaltools.gnu-tools-for-stm32.12.3.rel1.linux64_1.0.100.202403111256/tools/bin/../lib/gcc/arm-none-eabi/12.3.1/../../../../arm-none-eabi/lib/thumb/v7e-m+fp/hard/libc_nano.a(libc_a-findfp.o)
                0x20000630                __stdio_exit_handler
 .bss.errno     0x20000634        0x4 /opt/st/stm32cubeide_1.15.0/plugins/com.st.stm32cube.ide.mcu.externaltools.gnu-tools-for-stm32.12.3.rel1.linux64_1.0.100.202403111256/tools/bin/../lib/gcc/arm-none-eabi/12.3.1/../../../../arm-none-eabi/lib/thumb/v7e-m+fp/hard/libc_nano.a(libc_a-reent.o)
                0x20000634                errno
 .bss.__lock___malloc_recursive_mutex
                0x20000638        0x1 /opt/st/stm32cubeide_1.15.0/plugins/com.st.stm32cube.ide.mcu.externaltools.gnu-tools-for-stm32.12.3.rel1.linux64_1.0.100.202403111256/tools/bin/../lib/gcc/arm-none-eabi/12.3.1/../../../../arm-none-eabi/lib/thumb/v7e-m+fp/hard/libc_nano.a(libc_a-lock.o)
                0x20000638                __lock___malloc_recursive_mutex
 .bss.__lock___sfp_recursive_mutex
                0x20000639        0x1 /opt/st/stm32cubeide_1.15.0/plugins/com.st.stm32cube.ide.mcu.externaltools.gnu-tools-for-stm32.12.3.rel1.linux64_1.0.100.202403111256/tools/bin/../lib/gcc/arm-none-eabi/12.3.1/../../../../arm-none-eabi/lib/thumb/v7e-m+fp/hard/libc_nano.a(libc_a-lock.o)
                0x20000639                __lock___sfp_recursive_mutex
 *fill*         0x2000063a        0x2 
 .bss.__malloc_sbrk_start
                0x2000063c        0x4 /opt/st/stm32cubeide_1.15.0/plugins/com.st.stm32cube.ide.mcu.externaltools.gnu-tools-for-stm32.12.3.rel1.linux64_1.0.100.202403111256/tools/bin/../lib/gcc/arm-none-eabi/12.3.1/../../../../arm-none-eabi/lib/thumb/v7e-m+fp/hard/libc_nano.a(libc_a-mallocr.o)
                0x2000063c                __malloc_sbrk_start
 .bss.__malloc_free_list
                0x20000640        0x4 /opt/st/stm32cubeide_1.15.0/plugins/com.st.stm32cube.ide.mcu.externaltools.gnu-tools-for-stm32.12.3.rel1.linux64_1.0.100.202403111256/tools/bin/../lib/gcc/arm-none-eabi/12.3.1/../../../../arm-none-eabi/lib/thumb/v7e-m+fp/hard/libc_nano.a(libc_a-mallocr.o)
                0x20000640                __malloc_free_list
 *(COMMON)
 COMMON         0x20000644       0x10 /tmp/ccjdaOMT.o
                0x20000644                hciReadPktPool
                0x2000064c                hciReadPktRxQueue
 COMMON         0x20000654        0x4 /tmp/cctXPeHy.o
                0x20000654                uwTick
 COMMON         0x20000658        0xc /tmp/ccqUw2se.o
                0x20000658                hexti0
 COMMON         0x20000664        0xa /tmp/ccmRkPZQ.o
                0x20000664                tx_handle
                0x20000666                rx_handle
                0x20000668                TXCharHandle
                0x2000066a                sampleServHandle
                0x2000066c                RXCharHandle
 *fill*         0x2000066e        0x2 
 COMMON         0x20000670       0x40 /tmp/cckJVdKm.o
                0x20000670                hcom_uart
 COMMON         0x200006b0       0x58 /tmp/ccFn6jcz.o
                0x200006b0                hspi1
 COMMON         0x20000708       0x80 /tmp/ccieICWv.o
                0x20000708                Uart6Handle
                0x20000748                Uart2Handle
 COMMON         0x20000788       0x54 /tmp/ccKdCVpR.o
                0x20000788                hi2c1
                0x200007dc                        . = ALIGN (0x4)
                0x200007dc                        _ebss = .
                0x200007dc                        __bss_end__ = _ebss

._user_heap_stack
                0x200007dc      0x400 load address 0x08016ea0
                0x200007dc                        . = ALIGN (0x4)
                0x200007dc                        PROVIDE (end = .)
                [!provide]                        PROVIDE (_end = .)
                0x200009dc                        . = (. + _Min_Heap_Size)
 *fill*         0x200007dc      0x200 
                0x20000bdc                        . = (. + _Min_Stack_Size)
 *fill*         0x200009dc      0x200 
                0x20000bdc                        . = ALIGN (0x4)

/DISCARD/
 libc.a(*)
 libm.a(*)
 libgcc.a(*)

.ARM.attributes
                0x00000000       0x30
 *(.ARM.attributes)
 .ARM.attributes
                0x00000000       0x22 /opt/st/stm32cubeide_1.15.0/plugins/com.st.stm32cube.ide.mcu.externaltools.gnu-tools-for-stm32.12.3.rel1.linux64_1.0.100.202403111256/tools/bin/../lib/gcc/arm-none-eabi/12.3.1/thumb/v7e-m+fp/hard/crti.o
 .ARM.attributes
                0x00000022       0x34 /opt/st/stm32cubeide_1.15.0/plugins/com.st.stm32cube.ide.mcu.externaltools.gnu-tools-for-stm32.12.3.rel1.linux64_1.0.100.202403111256/tools/bin/../lib/gcc/arm-none-eabi/12.3.1/thumb/v7e-m+fp/hard/crtbegin.o
 .ARM.attributes
                0x00000056       0x34 /opt/st/stm32cubeide_1.15.0/plugins/com.st.stm32cube.ide.mcu.externaltools.gnu-tools-for-stm32.12.3.rel1.linux64_1.0.100.202403111256/tools/bin/../lib/gcc/arm-none-eabi/12.3.1/../../../../arm-none-eabi/lib/thumb/v7e-m+fp/hard/libc_nano.a(libc_a-findfp.o)
 .ARM.attributes
                0x0000008a       0x34 /opt/st/stm32cubeide_1.15.0/plugins/com.st.stm32cube.ide.mcu.externaltools.gnu-tools-for-stm32.12.3.rel1.linux64_1.0.100.202403111256/tools/bin/../lib/gcc/arm-none-eabi/12.3.1/../../../../arm-none-eabi/lib/thumb/v7e-m+fp/hard/libc_nano.a(libc_a-fwalk.o)
 .ARM.attributes
                0x000000be       0x34 /opt/st/stm32cubeide_1.15.0/plugins/com.st.stm32cube.ide.mcu.externaltools.gnu-tools-for-stm32.12.3.rel1.linux64_1.0.100.202403111256/tools/bin/../lib/gcc/arm-none-eabi/12.3.1/../../../../arm-none-eabi/lib/thumb/v7e-m+fp/hard/libc_nano.a(libc_a-stdio.o)
 .ARM.attributes
                0x000000f2       0x34 /opt/st/stm32cubeide_1.15.0/plugins/com.st.stm32cube.ide.mcu.externaltools.gnu-tools-for-stm32.12.3.rel1.linux64_1.0.100.202403111256/tools/bin/../lib/gcc/arm-none-eabi/12.3.1/../../../../arm-none-eabi/lib/thumb/v7e-m+fp/hard/libc_nano.a(libc_a-memset.o)
 .ARM.attributes
                0x00000126       0x34 /opt/st/stm32cubeide_1.15.0/plugins/com.st.stm32cube.ide.mcu.externaltools.gnu-tools-for-stm32.12.3.rel1.linux64_1.0.100.202403111256/tools/bin/../lib/gcc/arm-none-eabi/12.3.1/../../../../arm-none-eabi/lib/thumb/v7e-m+fp/hard/libc_nano.a(libc_a-closer.o)
 .ARM.attributes
                0x0000015a       0x34 /opt/st/stm32cubeide_1.15.0/plugins/com.st.stm32cube.ide.mcu.externaltools.gnu-tools-for-stm32.12.3.rel1.linux64_1.0.100.202403111256/tools/bin/../lib/gcc/arm-none-eabi/12.3.1/../../../../arm-none-eabi/lib/thumb/v7e-m+fp/hard/libc_nano.a(libc_a-reent.o)
 .ARM.attributes
                0x0000018e       0x34 /opt/st/stm32cubeide_1.15.0/plugins/com.st.stm32cube.ide.mcu.externaltools.gnu-tools-for-stm32.12.3.rel1.linux64_1.0.100.202403111256/tools/bin/../lib/gcc/arm-none-eabi/12.3.1/../../../../arm-none-eabi/lib/thumb/v7e-m+fp/hard/libc_nano.a(libc_a-impure.o)
 .ARM.attributes
                0x000001c2       0x34 /opt/st/stm32cubeide_1.15.0/plugins/com.st.stm32cube.ide.mcu.externaltools.gnu-tools-for-stm32.12.3.rel1.linux64_1.0.100.202403111256/tools/bin/../lib/gcc/arm-none-eabi/12.3.1/../../../../arm-none-eabi/lib/thumb/v7e-m+fp/hard/libc_nano.a(libc_a-lseekr.o)
 .ARM.attributes
                0x000001f6       0x34 /opt/st/stm32cubeide_1.15.0/plugins/com.st.stm32cube.ide.mcu.externaltools.gnu-tools-for-stm32.12.3.rel1.linux64_1.0.100.202403111256/tools/bin/../lib/gcc/arm-none-eabi/12.3.1/../../../../arm-none-eabi/lib/thumb/v7e-m+fp/hard/libc_nano.a(libc_a-readr.o)
 .ARM.attributes
                0x0000022a       0x34 /opt/st/stm32cubeide_1.15.0/plugins/com.st.stm32cube.ide.mcu.externaltools.gnu-tools-for-stm32.12.3.rel1.linux64_1.0.100.202403111256/tools/bin/../lib/gcc/arm-none-eabi/12.3.1/../../../../arm-none-eabi/lib/thumb/v7e-m+fp/hard/libc_nano.a(libc_a-writer.o)
 .ARM.attributes
                0x0000025e       0x34 /opt/st/stm32cubeide_1.15.0/plugins/com.st.stm32cube.ide.mcu.externaltools.gnu-tools-for-stm32.12.3.rel1.linux64_1.0.100.202403111256/tools/bin/../lib/gcc/arm-none-eabi/12.3.1/../../../../arm-none-eabi/lib/thumb/v7e-m+fp/hard/libc_nano.a(libc_a-init.o)
 .ARM.attributes
                0x00000292       0x34 /opt/st/stm32cubeide_1.15.0/plugins/com.st.stm32cube.ide.mcu.externaltools.gnu-tools-for-stm32.12.3.rel1.linux64_1.0.100.202403111256/tools/bin/../lib/gcc/arm-none-eabi/12.3.1/../../../../arm-none-eabi/lib/thumb/v7e-m+fp/hard/libc_nano.a(libc_a-lock.o)
 .ARM.attributes
                0x000002c6       0x34 /opt/st/stm32cubeide_1.15.0/plugins/com.st.stm32cube.ide.mcu.externaltools.gnu-tools-for-stm32.12.3.rel1.linux64_1.0.100.202403111256/tools/bin/../lib/gcc/arm-none-eabi/12.3.1/../../../../arm-none-eabi/lib/thumb/v7e-m+fp/hard/libc_nano.a(libc_a-freer.o)
 .ARM.attributes
                0x000002fa       0x34 /opt/st/stm32cubeide_1.15.0/plugins/com.st.stm32cube.ide.mcu.externaltools.gnu-tools-for-stm32.12.3.rel1.linux64_1.0.100.202403111256/tools/bin/../lib/gcc/arm-none-eabi/12.3.1/../../../../arm-none-eabi/lib/thumb/v7e-m+fp/hard/libc_nano.a(libc_a-mallocr.o)
 .ARM.attributes
                0x0000032e       0x34 /opt/st/stm32cubeide_1.15.0/plugins/com.st.stm32cube.ide.mcu.externaltools.gnu-tools-for-stm32.12.3.rel1.linux64_1.0.100.202403111256/tools/bin/../lib/gcc/arm-none-eabi/12.3.1/../../../../arm-none-eabi/lib/thumb/v7e-m+fp/hard/libc_nano.a(libc_a-mlock.o)
 .ARM.attributes
                0x00000362       0x34 /opt/st/stm32cubeide_1.15.0/plugins/com.st.stm32cube.ide.mcu.externaltools.gnu-tools-for-stm32.12.3.rel1.linux64_1.0.100.202403111256/tools/bin/../lib/gcc/arm-none-eabi/12.3.1/../../../../arm-none-eabi/lib/thumb/v7e-m+fp/hard/libc_nano.a(libc_a-fflush.o)
 .ARM.attributes
                0x00000396       0x34 /opt/st/stm32cubeide_1.15.0/plugins/com.st.stm32cube.ide.mcu.externaltools.gnu-tools-for-stm32.12.3.rel1.linux64_1.0.100.202403111256/tools/bin/../lib/gcc/arm-none-eabi/12.3.1/../../../../arm-none-eabi/lib/thumb/v7e-m+fp/hard/libc_nano.a(libc_a-sbrkr.o)
 .ARM.attributes
                0x000003ca       0x34 /tmp/ccHv75Ir.o
 .ARM.attributes
                0x000003fe       0x34 /tmp/ccpSTkEI.o
 .ARM.attributes
                0x00000432       0x34 /tmp/ccjdaOMT.o
 .ARM.attributes
                0x00000466       0x34 /tmp/ccYRTxlO.o
 .ARM.attributes
                0x0000049a       0x34 /tmp/cckk9K7O.o
 .ARM.attributes
                0x000004ce       0x34 /tmp/cchJfMMK.o
 .ARM.attributes
                0x00000502       0x34 /tmp/cc3Dz9bi.o
 .ARM.attributes
                0x00000536       0x34 /tmp/cctXPeHy.o
 .ARM.attributes
                0x0000056a       0x34 /tmp/ccTx5OT8.o
 .ARM.attributes
                0x0000059e       0x34 /tmp/cc9qa9C6.o
 .ARM.attributes
                0x000005d2       0x34 /tmp/ccVBlFnh.o
 .ARM.attributes
                0x00000606       0x34 /tmp/ccGA0aq9.o
 .ARM.attributes
                0x0000063a       0x34 /tmp/ccoFFYDH.o
 .ARM.attributes
                0x0000066e       0x34 /tmp/ccXk0h3x.o
 .ARM.attributes
                0x000006a2       0x34 /tmp/ccjegE1p.o
 .ARM.attributes
                0x000006d6       0x34 /tmp/ccLOThb5.o
 .ARM.attributes
                0x0000070a       0x34 /tmp/ccyYiCd8.o
 .ARM.attributes
                0x0000073e       0x34 /tmp/ccqUw2se.o
 .ARM.attributes
                0x00000772       0x34 /tmp/ccaKs7BO.o
 .ARM.attributes
                0x000007a6       0x34 /tmp/ccmRkPZQ.o
 .ARM.attributes
                0x000007da       0x34 /tmp/cclH8XSF.o
 .ARM.attributes
                0x0000080e       0x34 /tmp/cclHqsHB.o
 .ARM.attributes
                0x00000842       0x34 /tmp/cckJVdKm.o
 .ARM.attributes
                0x00000876       0x34 /tmp/ccFn6jcz.o
 .ARM.attributes
                0x000008aa       0x21 /tmp/ccNp1G9V.o
 .ARM.attributes
                0x000008cb       0x34 /tmp/cc73S2px.o
 .ARM.attributes
                0x000008ff       0x34 /tmp/ccqgJ70I.o
 .ARM.attributes
                0x00000933       0x34 /tmp/ccwSKXvH.o
 .ARM.attributes
                0x00000967       0x34 /tmp/ccieICWv.o
 .ARM.attributes
                0x0000099b       0x34 /tmp/ccKdCVpR.o
 .ARM.attributes
                0x000009cf       0x22 /opt/st/stm32cubeide_1.15.0/plugins/com.st.stm32cube.ide.mcu.externaltools.gnu-tools-for-stm32.12.3.rel1.linux64_1.0.100.202403111256/tools/bin/../lib/gcc/arm-none-eabi/12.3.1/thumb/v7e-m+fp/hard/libgcc.a(_arm_fixunsdfsi.o)
 .ARM.attributes
                0x000009f1       0x22 /opt/st/stm32cubeide_1.15.0/plugins/com.st.stm32cube.ide.mcu.externaltools.gnu-tools-for-stm32.12.3.rel1.linux64_1.0.100.202403111256/tools/bin/../lib/gcc/arm-none-eabi/12.3.1/thumb/v7e-m+fp/hard/libgcc.a(_aeabi_uldivmod.o)
 .ARM.attributes
                0x00000a13       0x34 /opt/st/stm32cubeide_1.15.0/plugins/com.st.stm32cube.ide.mcu.externaltools.gnu-tools-for-stm32.12.3.rel1.linux64_1.0.100.202403111256/tools/bin/../lib/gcc/arm-none-eabi/12.3.1/thumb/v7e-m+fp/hard/libgcc.a(_udivmoddi4.o)
 .ARM.attributes
                0x00000a47       0x22 /opt/st/stm32cubeide_1.15.0/plugins/com.st.stm32cube.ide.mcu.externaltools.gnu-tools-for-stm32.12.3.rel1.linux64_1.0.100.202403111256/tools/bin/../lib/gcc/arm-none-eabi/12.3.1/thumb/v7e-m+fp/hard/libgcc.a(_dvmd_tls.o)
 .ARM.attributes
                0x00000a69       0x34 /opt/st/stm32cubeide_1.15.0/plugins/com.st.stm32cube.ide.mcu.externaltools.gnu-tools-for-stm32.12.3.rel1.linux64_1.0.100.202403111256/tools/bin/../lib/gcc/arm-none-eabi/12.3.1/../../../../arm-none-eabi/lib/thumb/v7e-m+fp/hard/libg_nano.a(libc_a-printf.o)
 .ARM.attributes
                0x00000a9d       0x34 /opt/st/stm32cubeide_1.15.0/plugins/com.st.stm32cube.ide.mcu.externaltools.gnu-tools-for-stm32.12.3.rel1.linux64_1.0.100.202403111256/tools/bin/../lib/gcc/arm-none-eabi/12.3.1/../../../../arm-none-eabi/lib/thumb/v7e-m+fp/hard/libg_nano.a(libc_a-putchar.o)
 .ARM.attributes
                0x00000ad1       0x34 /opt/st/stm32cubeide_1.15.0/plugins/com.st.stm32cube.ide.mcu.externaltools.gnu-tools-for-stm32.12.3.rel1.linux64_1.0.100.202403111256/tools/bin/../lib/gcc/arm-none-eabi/12.3.1/../../../../arm-none-eabi/lib/thumb/v7e-m+fp/hard/libg_nano.a(libc_a-puts.o)
 .ARM.attributes
                0x00000b05       0x34 /opt/st/stm32cubeide_1.15.0/plugins/com.st.stm32cube.ide.mcu.externaltools.gnu-tools-for-stm32.12.3.rel1.linux64_1.0.100.202403111256/tools/bin/../lib/gcc/arm-none-eabi/12.3.1/../../../../arm-none-eabi/lib/thumb/v7e-m+fp/hard/libg_nano.a(libc_a-wbuf.o)
 .ARM.attributes
                0x00000b39       0x34 /opt/st/stm32cubeide_1.15.0/plugins/com.st.stm32cube.ide.mcu.externaltools.gnu-tools-for-stm32.12.3.rel1.linux64_1.0.100.202403111256/tools/bin/../lib/gcc/arm-none-eabi/12.3.1/../../../../arm-none-eabi/lib/thumb/v7e-m+fp/hard/libg_nano.a(libc_a-wsetup.o)
 .ARM.attributes
                0x00000b6d       0x34 /opt/st/stm32cubeide_1.15.0/plugins/com.st.stm32cube.ide.mcu.externaltools.gnu-tools-for-stm32.12.3.rel1.linux64_1.0.100.202403111256/tools/bin/../lib/gcc/arm-none-eabi/12.3.1/../../../../arm-none-eabi/lib/thumb/v7e-m+fp/hard/libg_nano.a(libc_a-errno.o)
 .ARM.attributes
                0x00000ba1       0x34 /opt/st/stm32cubeide_1.15.0/plugins/com.st.stm32cube.ide.mcu.externaltools.gnu-tools-for-stm32.12.3.rel1.linux64_1.0.100.202403111256/tools/bin/../lib/gcc/arm-none-eabi/12.3.1/../../../../arm-none-eabi/lib/thumb/v7e-m+fp/hard/libg_nano.a(libc_a-memcpy-stub.o)
 .ARM.attributes
                0x00000bd5       0x34 /opt/st/stm32cubeide_1.15.0/plugins/com.st.stm32cube.ide.mcu.externaltools.gnu-tools-for-stm32.12.3.rel1.linux64_1.0.100.202403111256/tools/bin/../lib/gcc/arm-none-eabi/12.3.1/../../../../arm-none-eabi/lib/thumb/v7e-m+fp/hard/libg_nano.a(libc_a-nano-vfprintf.o)
 .ARM.attributes
                0x00000c09       0x34 /opt/st/stm32cubeide_1.15.0/plugins/com.st.stm32cube.ide.mcu.externaltools.gnu-tools-for-stm32.12.3.rel1.linux64_1.0.100.202403111256/tools/bin/../lib/gcc/arm-none-eabi/12.3.1/../../../../arm-none-eabi/lib/thumb/v7e-m+fp/hard/libg_nano.a(libc_a-nano-vfprintf_i.o)
 .ARM.attributes
                0x00000c3d       0x34 /opt/st/stm32cubeide_1.15.0/plugins/com.st.stm32cube.ide.mcu.externaltools.gnu-tools-for-stm32.12.3.rel1.linux64_1.0.100.202403111256/tools/bin/../lib/gcc/arm-none-eabi/12.3.1/../../../../arm-none-eabi/lib/thumb/v7e-m+fp/hard/libg_nano.a(libc_a-makebuf.o)
 .ARM.attributes
                0x00000c71       0x34 /opt/st/stm32cubeide_1.15.0/plugins/com.st.stm32cube.ide.mcu.externaltools.gnu-tools-for-stm32.12.3.rel1.linux64_1.0.100.202403111256/tools/bin/../lib/gcc/arm-none-eabi/12.3.1/../../../../arm-none-eabi/lib/thumb/v7e-m+fp/hard/libg_nano.a(libc_a-putc.o)
 .ARM.attributes
                0x00000ca5       0x34 /opt/st/stm32cubeide_1.15.0/plugins/com.st.stm32cube.ide.mcu.externaltools.gnu-tools-for-stm32.12.3.rel1.linux64_1.0.100.202403111256/tools/bin/../lib/gcc/arm-none-eabi/12.3.1/../../../../arm-none-eabi/lib/thumb/v7e-m+fp/hard/libg_nano.a(libc_a-fstatr.o)
 .ARM.attributes
                0x00000cd9       0x34 /opt/st/stm32cubeide_1.15.0/plugins/com.st.stm32cube.ide.mcu.externaltools.gnu-tools-for-stm32.12.3.rel1.linux64_1.0.100.202403111256/tools/bin/../lib/gcc/arm-none-eabi/12.3.1/../../../../arm-none-eabi/lib/thumb/v7e-m+fp/hard/libg_nano.a(libc_a-isattyr.o)
 .ARM.attributes
                0x00000d0d       0x1c /opt/st/stm32cubeide_1.15.0/plugins/com.st.stm32cube.ide.mcu.externaltools.gnu-tools-for-stm32.12.3.rel1.linux64_1.0.100.202403111256/tools/bin/../lib/gcc/arm-none-eabi/12.3.1/../../../../arm-none-eabi/lib/thumb/v7e-m+fp/hard/libg_nano.a(libc_a-memchr.o)
 .ARM.attributes
                0x00000d29       0x22 /opt/st/stm32cubeide_1.15.0/plugins/com.st.stm32cube.ide.mcu.externaltools.gnu-tools-for-stm32.12.3.rel1.linux64_1.0.100.202403111256/tools/bin/../lib/gcc/arm-none-eabi/12.3.1/thumb/v7e-m+fp/hard/crtn.o
OUTPUT(template.elf elf32-littlearm)
LOAD linker stubs
LOAD /opt/st/stm32cubeide_1.15.0/plugins/com.st.stm32cube.ide.mcu.externaltools.gnu-tools-for-stm32.12.3.rel1.linux64_1.0.100.202403111256/tools/bin/../lib/gcc/arm-none-eabi/12.3.1/../../../../arm-none-eabi/lib/thumb/v7e-m+fp/hard/libc.a
LOAD /opt/st/stm32cubeide_1.15.0/plugins/com.st.stm32cube.ide.mcu.externaltools.gnu-tools-for-stm32.12.3.rel1.linux64_1.0.100.202403111256/tools/bin/../lib/gcc/arm-none-eabi/12.3.1/../../../../arm-none-eabi/lib/thumb/v7e-m+fp/hard/libm.a
LOAD /opt/st/stm32cubeide_1.15.0/plugins/com.st.stm32cube.ide.mcu.externaltools.gnu-tools-for-stm32.12.3.rel1.linux64_1.0.100.202403111256/tools/bin/../lib/gcc/arm-none-eabi/12.3.1/thumb/v7e-m+fp/hard/libgcc.a

.debug_frame    0x00000000     0x5e44
 .debug_frame   0x00000000      0x144 /opt/st/stm32cubeide_1.15.0/plugins/com.st.stm32cube.ide.mcu.externaltools.gnu-tools-for-stm32.12.3.rel1.linux64_1.0.100.202403111256/tools/bin/../lib/gcc/arm-none-eabi/12.3.1/../../../../arm-none-eabi/lib/thumb/v7e-m+fp/hard/libc_nano.a(libc_a-findfp.o)
 .debug_frame   0x00000144       0x34 /opt/st/stm32cubeide_1.15.0/plugins/com.st.stm32cube.ide.mcu.externaltools.gnu-tools-for-stm32.12.3.rel1.linux64_1.0.100.202403111256/tools/bin/../lib/gcc/arm-none-eabi/12.3.1/../../../../arm-none-eabi/lib/thumb/v7e-m+fp/hard/libc_nano.a(libc_a-fwalk.o)
 .debug_frame   0x00000178       0x88 /opt/st/stm32cubeide_1.15.0/plugins/com.st.stm32cube.ide.mcu.externaltools.gnu-tools-for-stm32.12.3.rel1.linux64_1.0.100.202403111256/tools/bin/../lib/gcc/arm-none-eabi/12.3.1/../../../../arm-none-eabi/lib/thumb/v7e-m+fp/hard/libc_nano.a(libc_a-stdio.o)
 .debug_frame   0x00000200       0x20 /opt/st/stm32cubeide_1.15.0/plugins/com.st.stm32cube.ide.mcu.externaltools.gnu-tools-for-stm32.12.3.rel1.linux64_1.0.100.202403111256/tools/bin/../lib/gcc/arm-none-eabi/12.3.1/../../../../arm-none-eabi/lib/thumb/v7e-m+fp/hard/libc_nano.a(libc_a-memset.o)
 .debug_frame   0x00000220       0x2c /opt/st/stm32cubeide_1.15.0/plugins/com.st.stm32cube.ide.mcu.externaltools.gnu-tools-for-stm32.12.3.rel1.linux64_1.0.100.202403111256/tools/bin/../lib/gcc/arm-none-eabi/12.3.1/../../../../arm-none-eabi/lib/thumb/v7e-m+fp/hard/libc_nano.a(libc_a-closer.o)
 .debug_frame   0x0000024c       0x38 /opt/st/stm32cubeide_1.15.0/plugins/com.st.stm32cube.ide.mcu.externaltools.gnu-tools-for-stm32.12.3.rel1.linux64_1.0.100.202403111256/tools/bin/../lib/gcc/arm-none-eabi/12.3.1/../../../../arm-none-eabi/lib/thumb/v7e-m+fp/hard/libc_nano.a(libc_a-reent.o)
 .debug_frame   0x00000284       0x2c /opt/st/stm32cubeide_1.15.0/plugins/com.st.stm32cube.ide.mcu.externaltools.gnu-tools-for-stm32.12.3.rel1.linux64_1.0.100.202403111256/tools/bin/../lib/gcc/arm-none-eabi/12.3.1/../../../../arm-none-eabi/lib/thumb/v7e-m+fp/hard/libc_nano.a(libc_a-lseekr.o)
 .debug_frame   0x000002b0       0x2c /opt/st/stm32cubeide_1.15.0/plugins/com.st.stm32cube.ide.mcu.externaltools.gnu-tools-for-stm32.12.3.rel1.linux64_1.0.100.202403111256/tools/bin/../lib/gcc/arm-none-eabi/12.3.1/../../../../arm-none-eabi/lib/thumb/v7e-m+fp/hard/libc_nano.a(libc_a-readr.o)
 .debug_frame   0x000002dc       0x2c /opt/st/stm32cubeide_1.15.0/plugins/com.st.stm32cube.ide.mcu.externaltools.gnu-tools-for-stm32.12.3.rel1.linux64_1.0.100.202403111256/tools/bin/../lib/gcc/arm-none-eabi/12.3.1/../../../../arm-none-eabi/lib/thumb/v7e-m+fp/hard/libc_nano.a(libc_a-writer.o)
 .debug_frame   0x00000308       0x2c /opt/st/stm32cubeide_1.15.0/plugins/com.st.stm32cube.ide.mcu.externaltools.gnu-tools-for-stm32.12.3.rel1.linux64_1.0.100.202403111256/tools/bin/../lib/gcc/arm-none-eabi/12.3.1/../../../../arm-none-eabi/lib/thumb/v7e-m+fp/hard/libc_nano.a(libc_a-init.o)
 .debug_frame   0x00000334       0xb0 /opt/st/stm32cubeide_1.15.0/plugins/com.st.stm32cube.ide.mcu.externaltools.gnu-tools-for-stm32.12.3.rel1.linux64_1.0.100.202403111256/tools/bin/../lib/gcc/arm-none-eabi/12.3.1/../../../../arm-none-eabi/lib/thumb/v7e-m+fp/hard/libc_nano.a(libc_a-lock.o)
 .debug_frame   0x000003e4       0x38 /opt/st/stm32cubeide_1.15.0/plugins/com.st.stm32cube.ide.mcu.externaltools.gnu-tools-for-stm32.12.3.rel1.linux64_1.0.100.202403111256/tools/bin/../lib/gcc/arm-none-eabi/12.3.1/../../../../arm-none-eabi/lib/thumb/v7e-m+fp/hard/libc_nano.a(libc_a-freer.o)
 .debug_frame   0x0000041c       0x50 /opt/st/stm32cubeide_1.15.0/plugins/com.st.stm32cube.ide.mcu.externaltools.gnu-tools-for-stm32.12.3.rel1.linux64_1.0.100.202403111256/tools/bin/../lib/gcc/arm-none-eabi/12.3.1/../../../../arm-none-eabi/lib/thumb/v7e-m+fp/hard/libc_nano.a(libc_a-mallocr.o)
 .debug_frame   0x0000046c       0x30 /opt/st/stm32cubeide_1.15.0/plugins/com.st.stm32cube.ide.mcu.externaltools.gnu-tools-for-stm32.12.3.rel1.linux64_1.0.100.202403111256/tools/bin/../lib/gcc/arm-none-eabi/12.3.1/../../../../arm-none-eabi/lib/thumb/v7e-m+fp/hard/libc_nano.a(libc_a-mlock.o)
 .debug_frame   0x0000049c       0x5c /opt/st/stm32cubeide_1.15.0/plugins/com.st.stm32cube.ide.mcu.externaltools.gnu-tools-for-stm32.12.3.rel1.linux64_1.0.100.202403111256/tools/bin/../lib/gcc/arm-none-eabi/12.3.1/../../../../arm-none-eabi/lib/thumb/v7e-m+fp/hard/libc_nano.a(libc_a-fflush.o)
 .debug_frame   0x000004f8       0x2c /opt/st/stm32cubeide_1.15.0/plugins/com.st.stm32cube.ide.mcu.externaltools.gnu-tools-for-stm32.12.3.rel1.linux64_1.0.100.202403111256/tools/bin/../lib/gcc/arm-none-eabi/12.3.1/../../../../arm-none-eabi/lib/thumb/v7e-m+fp/hard/libc_nano.a(libc_a-sbrkr.o)
 .debug_frame   0x00000524      0x1e8 /tmp/ccHv75Ir.o
 .debug_frame   0x0000070c      0x480 /tmp/ccpSTkEI.o
 .debug_frame   0x00000b8c      0x160 /tmp/ccjdaOMT.o
 .debug_frame   0x00000cec      0x630 /tmp/ccYRTxlO.o
 .debug_frame   0x0000131c      0x68c /tmp/cckk9K7O.o
 .debug_frame   0x000019a8      0x180 /tmp/cchJfMMK.o